[INFO] 2026-05-16 22:15:36,332 ==================================================
[INFO] 2026-05-16 22:15:36,349 Args in experiment:
[INFO] 2026-05-16 22:15:36,349 random_seed: 2021
[INFO] 2026-05-16 22:15:36,349 is_training: 1
[INFO] 2026-05-16 22:15:36,349 model_id: 720_96
[INFO] 2026-05-16 22:15:36,350 model: ADF
[INFO] 2026-05-16 22:15:36,350 data: custom
[INFO] 2026-05-16 22:15:36,350 root_path: ./dataset/
[INFO] 2026-05-16 22:15:36,350 data_path: weather.csv
[INFO] 2026-05-16 22:15:36,350 features: M
[INFO] 2026-05-16 22:15:36,350 target: OT
[INFO] 2026-05-16 22:15:36,350 freq: h
[INFO] 2026-05-16 22:15:36,351 checkpoints: ./checkpoints/
[INFO] 2026-05-16 22:15:36,351 seq_len: 720
[INFO] 2026-05-16 22:15:36,351 label_len: 48
[INFO] 2026-05-16 22:15:36,351 pred_len: 96
[INFO] 2026-05-16 22:15:36,351 fc_dropout: 0.2
[INFO] 2026-05-16 22:15:36,351 head_dropout: 0.0
[INFO] 2026-05-16 22:15:36,352 add: False
[INFO] 2026-05-16 22:15:36,352 wo_conv: False
[INFO] 2026-05-16 22:15:36,352 serial_conv: False
[INFO] 2026-05-16 22:15:36,352 kernel_list: [3, 11, 15, 23, 27]
[INFO] 2026-05-16 22:15:36,352 patch_len: [16, 16, 24]
[INFO] 2026-05-16 22:15:36,352 period: [144, 180, 720]
[INFO] 2026-05-16 22:15:36,352 stride: [16, 16, 24]
[INFO] 2026-05-16 22:15:36,352 padding_patch: end
[INFO] 2026-05-16 22:15:36,354 revin: 1
[INFO] 2026-05-16 22:15:36,354 affine: 0
[INFO] 2026-05-16 22:15:36,354 subtract_last: 0
[INFO] 2026-05-16 22:15:36,354 decomposition: 0
[INFO] 2026-05-16 22:15:36,354 kernel_size: 25
[INFO] 2026-05-16 22:15:36,354 individual: 0
[INFO] 2026-05-16 22:15:36,354 embed_type: 0
[INFO] 2026-05-16 22:15:36,354 enc_in: 21
[INFO] 2026-05-16 22:15:36,354 dec_in: 7
[INFO] 2026-05-16 22:15:36,354 c_out: 7
[INFO] 2026-05-16 22:15:36,354 d_model: 64
[INFO] 2026-05-16 22:15:36,354 n_heads: 16
[INFO] 2026-05-16 22:15:36,354 e_layers: 3
[INFO] 2026-05-16 22:15:36,355 d_layers: 1
[INFO] 2026-05-16 22:15:36,355 d_ff: 128
[INFO] 2026-05-16 22:15:36,355 moving_avg: 25
[INFO] 2026-05-16 22:15:36,355 factor: 1
[INFO] 2026-05-16 22:15:36,355 distil: True
[INFO] 2026-05-16 22:15:36,355 dropout: 0.5
[INFO] 2026-05-16 22:15:36,355 attn_dropout: 0.05
[INFO] 2026-05-16 22:15:36,355 embed: timeF
[INFO] 2026-05-16 22:15:36,355 activation: gelu
[INFO] 2026-05-16 22:15:36,356 output_attention: False
[INFO] 2026-05-16 22:15:36,356 do_predict: False
[INFO] 2026-05-16 22:15:36,356 num_workers: 0
[INFO] 2026-05-16 22:15:36,356 itr: 1
[INFO] 2026-05-16 22:15:36,356 train_epochs: 100
[INFO] 2026-05-16 22:15:36,356 batch_size: 64
[INFO] 2026-05-16 22:15:36,356 patience: 5
[INFO] 2026-05-16 22:15:36,356 learning_rate: 0.00015
[INFO] 2026-05-16 22:15:36,356 des: Exp
[INFO] 2026-05-16 22:15:36,357 loss: mse
[INFO] 2026-05-16 22:15:36,357 lradj: type3
[INFO] 2026-05-16 22:15:36,357 pct_start: 0.3
[INFO] 2026-05-16 22:15:36,357 use_amp: False
[INFO] 2026-05-16 22:15:36,357 use_gpu: True
[INFO] 2026-05-16 22:15:36,357 gpu: 0
[INFO] 2026-05-16 22:15:36,357 use_multi_gpu: False
[INFO] 2026-05-16 22:15:36,357 devices: 0,1,2,3,4,5,6,7
[INFO] 2026-05-16 22:15:36,358 test_flop: False
[INFO] 2026-05-16 22:15:36,358 log: ./logs/LongForecasting/PatchTST_Electricity_336_96.log
[INFO] 2026-05-16 22:15:36,358 Use GPU: cuda:0
[INFO] 2026-05-16 22:15:36,499 >>>>>>>start training : 720_96_ADF_custom_ftM_sl720_ll48_pl96_dm64_nh16_el3_dl1_df128_fc1_ebtimeF_dtTrue_Exp_0>>>>>>>>>>>>>>>>>>>>>>>>>>
[INFO] 2026-05-16 22:15:36,538 train, 6185
[INFO] 2026-05-16 22:15:36,569 val, 905
[INFO] 2026-05-16 22:15:36,600 test, 1905
[INFO] 2026-05-16 22:15:47,516 Epoch: 1 cost time: 10.243791580200195
[INFO] 2026-05-16 22:16:18,565 Epoch: 1, Steps: 96 | Train Loss: 0.9657568 Vali Loss: 2965.2983398 Test Loss: 0.9756387
[INFO] 2026-05-16 22:16:18,565 Validation loss decreased (inf --> 2965.298340).  Saving model ...
[INFO] 2026-05-16 22:16:18,608 Updating learning rate to 0.00015
[INFO] 2026-05-16 22:16:28,843 Epoch: 2 cost time: 10.232283592224121
[INFO] 2026-05-16 22:16:59,141 Epoch: 2, Steps: 96 | Train Loss: 0.5829607 Vali Loss: 3704.9689941 Test Loss: 0.6663046
[INFO] 2026-05-16 22:16:59,141 EarlyStopping counter: 1 out of 5
[INFO] 2026-05-16 22:16:59,141 Updating learning rate to 0.00015
[INFO] 2026-05-16 22:17:09,256 Epoch: 3 cost time: 10.112757682800293
[INFO] 2026-05-16 22:17:39,400 Epoch: 3, Steps: 96 | Train Loss: 0.4897119 Vali Loss: 3733.3664551 Test Loss: 0.7154333
[INFO] 2026-05-16 22:17:39,400 EarlyStopping counter: 2 out of 5
[INFO] 2026-05-16 22:17:39,400 Updating learning rate to 0.00015
[INFO] 2026-05-16 22:17:49,495 Epoch: 4 cost time: 10.093592166900635
[INFO] 2026-05-16 22:18:19,440 Epoch: 4, Steps: 96 | Train Loss: 0.4644707 Vali Loss: 3741.8298340 Test Loss: 0.7439535
[INFO] 2026-05-16 22:18:19,440 EarlyStopping counter: 3 out of 5
[INFO] 2026-05-16 22:18:19,440 Updating learning rate to 0.000135
[INFO] 2026-05-16 22:18:29,567 Epoch: 5 cost time: 10.126517295837402
[INFO] 2026-05-16 22:19:00,581 Epoch: 5, Steps: 96 | Train Loss: 0.4491610 Vali Loss: 3681.5988770 Test Loss: 0.7447208
[INFO] 2026-05-16 22:19:00,582 EarlyStopping counter: 4 out of 5
[INFO] 2026-05-16 22:19:00,582 Updating learning rate to 0.0001215
[INFO] 2026-05-16 22:19:10,780 Epoch: 6 cost time: 10.197760105133057
[INFO] 2026-05-16 22:19:41,743 Epoch: 6, Steps: 96 | Train Loss: 0.4375387 Vali Loss: 3476.9372559 Test Loss: 0.7337046
[INFO] 2026-05-16 22:19:41,743 EarlyStopping counter: 5 out of 5
[INFO] 2026-05-16 22:19:41,743 Early stopping
[INFO] 2026-05-16 22:19:41,904 >>>>>>>testing : 720_96_ADF_custom_ftM_sl720_ll48_pl96_dm64_nh16_el3_dl1_df128_fc1_ebtimeF_dtTrue_Exp_0<<<<<<<<<<<<<<<<<<<<<<<<<<<<<<<<<
[INFO] 2026-05-16 22:19:41,937 test, 1905
[INFO] 2026-05-16 22:19:41,941 MoE Weight Saving: Enabled
[INFO] 2026-05-16 22:24:44,614 mse:0.9756394624710083, mae:0.6868537664413452, rse:0.8172126412391663
[INFO] 2026-05-16 22:24:44,630 Saved MoE weights: moe_weights_period_0.npy, shape: (1905, 22, 2)
[INFO] 2026-05-16 22:24:44,632 Saved MoE weights: moe_weights_period_1.npy, shape: (1905, 22, 2)
[INFO] 2026-05-16 22:24:44,634 Saved MoE weights: moe_weights_period_2.npy, shape: (1905, 22, 2)
[INFO] 2026-05-16 22:24:44,692 start_time: 2026-05-16 22:15:36
[INFO] 2026-05-16 22:24:44,692 end_time: 2026-05-16 22:24:44
[INFO] 2026-05-16 22:24:44,692 ×ÜºÄÊ±Îª£º00:09:08
