[INFO] 2025-12-08 15:31:18,607 ==================================================
[INFO] 2025-12-08 15:31:18,691 Args in experiment:
[INFO] 2025-12-08 15:31:18,691 random_seed: 2021
[INFO] 2025-12-08 15:31:18,691 is_training: 1
[INFO] 2025-12-08 15:31:18,691 model_id: ETTh2_720_192
[INFO] 2025-12-08 15:31:18,691 model: PDF
[INFO] 2025-12-08 15:31:18,691 data: ETTh2
[INFO] 2025-12-08 15:31:18,691 root_path: ../data/dataset/
[INFO] 2025-12-08 15:31:18,691 data_path: ETTh2.csv
[INFO] 2025-12-08 15:31:18,691 features: M
[INFO] 2025-12-08 15:31:18,691 target: OT
[INFO] 2025-12-08 15:31:18,691 freq: h
[INFO] 2025-12-08 15:31:18,691 checkpoints: ./checkpoints/
[INFO] 2025-12-08 15:31:18,691 seq_len: 720
[INFO] 2025-12-08 15:31:18,691 label_len: 48
[INFO] 2025-12-08 15:31:18,691 pred_len: 192
[INFO] 2025-12-08 15:31:18,691 fc_dropout: 0.4
[INFO] 2025-12-08 15:31:18,691 head_dropout: 0.0
[INFO] 2025-12-08 15:31:18,691 add: False
[INFO] 2025-12-08 15:31:18,691 wo_conv: False
[INFO] 2025-12-08 15:31:18,691 serial_conv: False
[INFO] 2025-12-08 15:31:18,691 kernel_list: [3, 7, 11]
[INFO] 2025-12-08 15:31:18,691 patch_len: [4, 16, 48]
[INFO] 2025-12-08 15:31:18,691 period: [24, 180, 720]
[INFO] 2025-12-08 15:31:18,691 stride: [4, 16, 48]
[INFO] 2025-12-08 15:31:18,691 padding_patch: end
[INFO] 2025-12-08 15:31:18,691 revin: 1
[INFO] 2025-12-08 15:31:18,701 affine: 0
[INFO] 2025-12-08 15:31:18,701 subtract_last: 0
[INFO] 2025-12-08 15:31:18,701 decomposition: 0
[INFO] 2025-12-08 15:31:18,701 kernel_size: 25
[INFO] 2025-12-08 15:31:18,701 individual: 0
[INFO] 2025-12-08 15:31:18,702 embed_type: 0
[INFO] 2025-12-08 15:31:18,702 enc_in: 7
[INFO] 2025-12-08 15:31:18,702 dec_in: 7
[INFO] 2025-12-08 15:31:18,702 c_out: 7
[INFO] 2025-12-08 15:31:18,702 d_model: 16
[INFO] 2025-12-08 15:31:18,702 n_heads: 4
[INFO] 2025-12-08 15:31:18,702 e_layers: 3
[INFO] 2025-12-08 15:31:18,702 d_layers: 1
[INFO] 2025-12-08 15:31:18,703 d_ff: 128
[INFO] 2025-12-08 15:31:18,703 moving_avg: 25
[INFO] 2025-12-08 15:31:18,703 factor: 1
[INFO] 2025-12-08 15:31:18,703 distil: True
[INFO] 2025-12-08 15:31:18,703 dropout: 0.6
[INFO] 2025-12-08 15:31:18,703 attn_dropout: 0.05
[INFO] 2025-12-08 15:31:18,704 embed: timeF
[INFO] 2025-12-08 15:31:18,704 activation: gelu
[INFO] 2025-12-08 15:31:18,704 output_attention: False
[INFO] 2025-12-08 15:31:18,704 do_predict: False
[INFO] 2025-12-08 15:31:18,704 num_workers: 0
[INFO] 2025-12-08 15:31:18,704 itr: 1
[INFO] 2025-12-08 15:31:18,704 train_epochs: 100
[INFO] 2025-12-08 15:31:18,705 batch_size: 128
[INFO] 2025-12-08 15:31:18,705 patience: 10
[INFO] 2025-12-08 15:31:18,705 learning_rate: 0.0001
[INFO] 2025-12-08 15:31:18,705 des: Exp
[INFO] 2025-12-08 15:31:18,705 loss: mse
[INFO] 2025-12-08 15:31:18,705 lradj: type3
[INFO] 2025-12-08 15:31:18,705 pct_start: 0.3
[INFO] 2025-12-08 15:31:18,705 use_amp: False
[INFO] 2025-12-08 15:31:18,705 use_gpu: True
[INFO] 2025-12-08 15:31:18,705 gpu: 0
[INFO] 2025-12-08 15:31:18,705 use_multi_gpu: False
[INFO] 2025-12-08 15:31:18,705 devices: 0,1,2,3
[INFO] 2025-12-08 15:31:18,706 test_flop: False
[INFO] 2025-12-08 15:31:18,706 log: ./logs/LongForecasting/PatchTST_Electricity_336_96.log
[INFO] 2025-12-08 15:31:18,706 Use GPU: cuda:0
[INFO] 2025-12-08 15:31:18,840 >>>>>>>start training : ETTh2_720_192_PDF_ETTh2_ftM_sl720_ll48_pl192_dm16_nh4_el3_dl1_df128_fc1_ebtimeF_dtTrue_Exp_0>>>>>>>>>>>>>>>>>>>>>>>>>>
[INFO] 2025-12-08 15:31:18,902 train, 7729
[INFO] 2025-12-08 15:31:18,926 val, 2689
[INFO] 2025-12-08 15:31:18,964 test, 2689
[INFO] 2025-12-08 15:31:22,894 Epoch: 1 cost time: 3.2038891315460205
[INFO] 2025-12-08 15:31:56,714 Epoch: 1, Steps: 60 | Train Loss: 0.8148764 Vali Loss: 0.4933690 Test Loss: 0.4104037
[INFO] 2025-12-08 15:31:56,714 Validation loss decreased (inf --> 0.493369).  Saving model ...
[INFO] 2025-12-08 15:31:56,744 Updating learning rate to 0.0001
[INFO] 2025-12-08 15:31:59,661 Epoch: 2 cost time: 2.916616439819336
[INFO] 2025-12-08 15:32:33,510 Epoch: 2, Steps: 60 | Train Loss: 0.6659977 Vali Loss: 0.3128608 Test Loss: 0.3568439
[INFO] 2025-12-08 15:32:33,511 Validation loss decreased (0.493369 --> 0.312861).  Saving model ...
[INFO] 2025-12-08 15:32:33,542 Updating learning rate to 0.0001
[INFO] 2025-12-08 15:32:36,592 Epoch: 3 cost time: 3.050029993057251
[INFO] 2025-12-08 15:33:10,598 Epoch: 3, Steps: 60 | Train Loss: 0.5834464 Vali Loss: 0.2949999 Test Loss: 0.3422275
[INFO] 2025-12-08 15:33:10,598 Validation loss decreased (0.312861 --> 0.295000).  Saving model ...
[INFO] 2025-12-08 15:33:10,628 Updating learning rate to 0.0001
[INFO] 2025-12-08 15:33:13,810 Epoch: 4 cost time: 3.1816093921661377
[INFO] 2025-12-08 15:33:47,886 Epoch: 4, Steps: 60 | Train Loss: 0.5600888 Vali Loss: 0.2892042 Test Loss: 0.3379385
[INFO] 2025-12-08 15:33:47,886 Validation loss decreased (0.295000 --> 0.289204).  Saving model ...
[INFO] 2025-12-08 15:33:47,923 Updating learning rate to 9e-05
[INFO] 2025-12-08 15:33:50,987 Epoch: 5 cost time: 3.064056396484375
[INFO] 2025-12-08 15:34:24,841 Epoch: 5, Steps: 60 | Train Loss: 0.5492380 Vali Loss: 0.2857438 Test Loss: 0.3375866
[INFO] 2025-12-08 15:34:24,841 Validation loss decreased (0.289204 --> 0.285744).  Saving model ...
[INFO] 2025-12-08 15:34:24,877 Updating learning rate to 8.1e-05
[INFO] 2025-12-08 15:34:27,963 Epoch: 6 cost time: 3.074110984802246
[INFO] 2025-12-08 15:35:02,348 Epoch: 6, Steps: 60 | Train Loss: 0.5404985 Vali Loss: 0.2813236 Test Loss: 0.3369992
[INFO] 2025-12-08 15:35:02,348 Validation loss decreased (0.285744 --> 0.281324).  Saving model ...
[INFO] 2025-12-08 15:35:02,390 Updating learning rate to 7.290000000000001e-05
[INFO] 2025-12-08 15:35:05,464 Epoch: 7 cost time: 3.0738308429718018
[INFO] 2025-12-08 15:35:40,151 Epoch: 7, Steps: 60 | Train Loss: 0.5353293 Vali Loss: 0.2834168 Test Loss: 0.3359253
[INFO] 2025-12-08 15:35:40,151 EarlyStopping counter: 1 out of 10
[INFO] 2025-12-08 15:35:40,151 Updating learning rate to 6.561e-05
[INFO] 2025-12-08 15:35:43,285 Epoch: 8 cost time: 3.133615493774414
[INFO] 2025-12-08 15:36:18,972 Epoch: 8, Steps: 60 | Train Loss: 0.5312667 Vali Loss: 0.2861894 Test Loss: 0.3344958
[INFO] 2025-12-08 15:36:18,972 EarlyStopping counter: 2 out of 10
[INFO] 2025-12-08 15:36:18,972 Updating learning rate to 5.904900000000001e-05
[INFO] 2025-12-08 15:36:22,222 Epoch: 9 cost time: 3.250317335128784
[INFO] 2025-12-08 15:36:57,647 Epoch: 9, Steps: 60 | Train Loss: 0.5279570 Vali Loss: 0.2837432 Test Loss: 0.3351865
[INFO] 2025-12-08 15:36:57,647 EarlyStopping counter: 3 out of 10
[INFO] 2025-12-08 15:36:57,648 Updating learning rate to 5.3144100000000005e-05
[INFO] 2025-12-08 15:37:00,743 Epoch: 10 cost time: 3.095597743988037
[INFO] 2025-12-08 15:37:36,256 Epoch: 10, Steps: 60 | Train Loss: 0.5233145 Vali Loss: 0.2824181 Test Loss: 0.3345453
[INFO] 2025-12-08 15:37:36,257 EarlyStopping counter: 4 out of 10
[INFO] 2025-12-08 15:37:36,257 Updating learning rate to 4.782969000000001e-05
[INFO] 2025-12-08 15:37:39,446 Epoch: 11 cost time: 3.188664674758911
[INFO] 2025-12-08 15:38:14,317 Epoch: 11, Steps: 60 | Train Loss: 0.5226360 Vali Loss: 0.2813951 Test Loss: 0.3351771
[INFO] 2025-12-08 15:38:14,317 EarlyStopping counter: 5 out of 10
[INFO] 2025-12-08 15:38:14,317 Updating learning rate to 4.304672100000001e-05
[INFO] 2025-12-08 15:38:17,262 Epoch: 12 cost time: 2.94499135017395
[INFO] 2025-12-08 15:38:51,048 Epoch: 12, Steps: 60 | Train Loss: 0.5194940 Vali Loss: 0.2813565 Test Loss: 0.3345395
[INFO] 2025-12-08 15:38:51,049 EarlyStopping counter: 6 out of 10
[INFO] 2025-12-08 15:38:51,049 Updating learning rate to 3.874204890000001e-05
[INFO] 2025-12-08 15:38:54,085 Epoch: 13 cost time: 3.0349295139312744
[INFO] 2025-12-08 15:39:27,183 Epoch: 13, Steps: 60 | Train Loss: 0.5178609 Vali Loss: 0.2813268 Test Loss: 0.3343437
[INFO] 2025-12-08 15:39:27,184 EarlyStopping counter: 7 out of 10
[INFO] 2025-12-08 15:39:27,184 Updating learning rate to 3.486784401000001e-05
[INFO] 2025-12-08 15:39:30,189 Epoch: 14 cost time: 3.0042476654052734
[INFO] 2025-12-08 15:40:04,191 Epoch: 14, Steps: 60 | Train Loss: 0.5179526 Vali Loss: 0.2810710 Test Loss: 0.3350625
[INFO] 2025-12-08 15:40:04,191 Validation loss decreased (0.281324 --> 0.281071).  Saving model ...
[INFO] 2025-12-08 15:40:04,237 Updating learning rate to 3.138105960900001e-05
[INFO] 2025-12-08 15:40:07,273 Epoch: 15 cost time: 3.0354886054992676
[INFO] 2025-12-08 15:40:41,057 Epoch: 15, Steps: 60 | Train Loss: 0.5161350 Vali Loss: 0.2806183 Test Loss: 0.3349586
[INFO] 2025-12-08 15:40:41,058 Validation loss decreased (0.281071 --> 0.280618).  Saving model ...
[INFO] 2025-12-08 15:40:41,088 Updating learning rate to 2.824295364810001e-05
[INFO] 2025-12-08 15:40:44,173 Epoch: 16 cost time: 3.084461212158203
[INFO] 2025-12-08 15:41:18,458 Epoch: 16, Steps: 60 | Train Loss: 0.5169031 Vali Loss: 0.2807724 Test Loss: 0.3351317
[INFO] 2025-12-08 15:41:18,458 EarlyStopping counter: 1 out of 10
[INFO] 2025-12-08 15:41:18,459 Updating learning rate to 2.541865828329001e-05
[INFO] 2025-12-08 15:41:21,521 Epoch: 17 cost time: 3.0607056617736816
[INFO] 2025-12-08 15:41:55,995 Epoch: 17, Steps: 60 | Train Loss: 0.5155192 Vali Loss: 0.2812452 Test Loss: 0.3345426
[INFO] 2025-12-08 15:41:55,995 EarlyStopping counter: 2 out of 10
[INFO] 2025-12-08 15:41:55,995 Updating learning rate to 2.287679245496101e-05
[INFO] 2025-12-08 15:41:58,979 Epoch: 18 cost time: 2.9835736751556396
[INFO] 2025-12-08 15:42:32,992 Epoch: 18, Steps: 60 | Train Loss: 0.5143637 Vali Loss: 0.2808914 Test Loss: 0.3348002
[INFO] 2025-12-08 15:42:32,992 EarlyStopping counter: 3 out of 10
[INFO] 2025-12-08 15:42:32,992 Updating learning rate to 2.0589113209464907e-05
[INFO] 2025-12-08 15:42:35,946 Epoch: 19 cost time: 2.9524755477905273
[INFO] 2025-12-08 15:43:10,141 Epoch: 19, Steps: 60 | Train Loss: 0.5151829 Vali Loss: 0.2818518 Test Loss: 0.3343841
[INFO] 2025-12-08 15:43:10,141 EarlyStopping counter: 4 out of 10
[INFO] 2025-12-08 15:43:10,141 Updating learning rate to 1.8530201888518416e-05
[INFO] 2025-12-08 15:43:13,052 Epoch: 20 cost time: 2.9110054969787598
[INFO] 2025-12-08 15:43:46,837 Epoch: 20, Steps: 60 | Train Loss: 0.5122748 Vali Loss: 0.2809692 Test Loss: 0.3349421
[INFO] 2025-12-08 15:43:46,837 EarlyStopping counter: 5 out of 10
[INFO] 2025-12-08 15:43:46,837 Updating learning rate to 1.6677181699666577e-05
[INFO] 2025-12-08 15:43:49,755 Epoch: 21 cost time: 2.9180102348327637
[INFO] 2025-12-08 15:44:24,257 Epoch: 21, Steps: 60 | Train Loss: 0.5119362 Vali Loss: 0.2808301 Test Loss: 0.3350021
[INFO] 2025-12-08 15:44:24,257 EarlyStopping counter: 6 out of 10
[INFO] 2025-12-08 15:44:24,257 Updating learning rate to 1.5009463529699919e-05
[INFO] 2025-12-08 15:44:27,259 Epoch: 22 cost time: 3.000162363052368
[INFO] 2025-12-08 15:45:01,420 Epoch: 22, Steps: 60 | Train Loss: 0.5113221 Vali Loss: 0.2811761 Test Loss: 0.3348200
[INFO] 2025-12-08 15:45:01,420 EarlyStopping counter: 7 out of 10
[INFO] 2025-12-08 15:45:01,420 Updating learning rate to 1.3508517176729929e-05
[INFO] 2025-12-08 15:45:04,545 Epoch: 23 cost time: 3.123654842376709
[INFO] 2025-12-08 15:45:38,594 Epoch: 23, Steps: 60 | Train Loss: 0.5115740 Vali Loss: 0.2817371 Test Loss: 0.3346619
[INFO] 2025-12-08 15:45:38,594 EarlyStopping counter: 8 out of 10
[INFO] 2025-12-08 15:45:38,594 Updating learning rate to 1.2157665459056936e-05
[INFO] 2025-12-08 15:45:41,532 Epoch: 24 cost time: 2.9378042221069336
[INFO] 2025-12-08 15:46:15,041 Epoch: 24, Steps: 60 | Train Loss: 0.5117403 Vali Loss: 0.2810028 Test Loss: 0.3346696
[INFO] 2025-12-08 15:46:15,041 EarlyStopping counter: 9 out of 10
[INFO] 2025-12-08 15:46:15,041 Updating learning rate to 1.0941898913151242e-05
[INFO] 2025-12-08 15:46:18,056 Epoch: 25 cost time: 3.014953851699829
[INFO] 2025-12-08 15:46:52,138 Epoch: 25, Steps: 60 | Train Loss: 0.5138001 Vali Loss: 0.2814449 Test Loss: 0.3347027
[INFO] 2025-12-08 15:46:52,138 EarlyStopping counter: 10 out of 10
[INFO] 2025-12-08 15:46:52,138 Early stopping
[INFO] 2025-12-08 15:46:52,226 >>>>>>>testing : ETTh2_720_192_PDF_ETTh2_ftM_sl720_ll48_pl192_dm16_nh4_el3_dl1_df128_fc1_ebtimeF_dtTrue_Exp_0<<<<<<<<<<<<<<<<<<<<<<<<<<<<<<<<<
[INFO] 2025-12-08 15:46:52,261 test, 2689
[INFO] 2025-12-08 15:52:56,176 mse:0.3349584937095642, mae:0.3751460015773773, rse:0.46412649750709534
