[INFO] 2025-12-11 23:01:06,368 ==================================================
[INFO] 2025-12-11 23:01:06,386 Args in experiment:
[INFO] 2025-12-11 23:01:06,387 random_seed: 2021
[INFO] 2025-12-11 23:01:06,387 is_training: 1
[INFO] 2025-12-11 23:01:06,387 model_id: ETTh2_336_192
[INFO] 2025-12-11 23:01:06,387 model: PatchTST
[INFO] 2025-12-11 23:01:06,387 data: ETTh2
[INFO] 2025-12-11 23:01:06,387 root_path: ./dataset/
[INFO] 2025-12-11 23:01:06,387 data_path: ETTh2.csv
[INFO] 2025-12-11 23:01:06,388 features: M
[INFO] 2025-12-11 23:01:06,388 target: OT
[INFO] 2025-12-11 23:01:06,388 freq: h
[INFO] 2025-12-11 23:01:06,388 checkpoints: ./checkpoints/
[INFO] 2025-12-11 23:01:06,389 seq_len: 336
[INFO] 2025-12-11 23:01:06,389 label_len: 48
[INFO] 2025-12-11 23:01:06,389 pred_len: 192
[INFO] 2025-12-11 23:01:06,389 fc_dropout: 0.0
[INFO] 2025-12-11 23:01:06,390 head_dropout: 0.0
[INFO] 2025-12-11 23:01:06,390 add: False
[INFO] 2025-12-11 23:01:06,390 wo_conv: False
[INFO] 2025-12-11 23:01:06,390 serial_conv: False
[INFO] 2025-12-11 23:01:06,390 kernel_list: [3, 7, 9]
[INFO] 2025-12-11 23:01:06,390 patch_len: [1, 6]
[INFO] 2025-12-11 23:01:06,391 period: [24, 84]
[INFO] 2025-12-11 23:01:06,391 stride: [1, 6]
[INFO] 2025-12-11 23:01:06,391 padding_patch: end
[INFO] 2025-12-11 23:01:06,391 revin: 1
[INFO] 2025-12-11 23:01:06,391 affine: 0
[INFO] 2025-12-11 23:01:06,391 subtract_last: 0
[INFO] 2025-12-11 23:01:06,392 decomposition: 0
[INFO] 2025-12-11 23:01:06,392 kernel_size: 25
[INFO] 2025-12-11 23:01:06,392 individual: 0
[INFO] 2025-12-11 23:01:06,392 embed_type: 0
[INFO] 2025-12-11 23:01:06,392 enc_in: 7
[INFO] 2025-12-11 23:01:06,393 dec_in: 7
[INFO] 2025-12-11 23:01:06,393 c_out: 7
[INFO] 2025-12-11 23:01:06,393 d_model: 16
[INFO] 2025-12-11 23:01:06,393 n_heads: 4
[INFO] 2025-12-11 23:01:06,393 e_layers: 3
[INFO] 2025-12-11 23:01:06,393 d_layers: 1
[INFO] 2025-12-11 23:01:06,394 d_ff: 128
[INFO] 2025-12-11 23:01:06,394 moving_avg: 25
[INFO] 2025-12-11 23:01:06,394 factor: 1
[INFO] 2025-12-11 23:01:06,394 distil: True
[INFO] 2025-12-11 23:01:06,394 dropout: 0.3
[INFO] 2025-12-11 23:01:06,395 attn_dropout: 0.05
[INFO] 2025-12-11 23:01:06,395 embed: timeF
[INFO] 2025-12-11 23:01:06,395 activation: gelu
[INFO] 2025-12-11 23:01:06,395 output_attention: False
[INFO] 2025-12-11 23:01:06,395 do_predict: False
[INFO] 2025-12-11 23:01:06,395 num_workers: 0
[INFO] 2025-12-11 23:01:06,395 itr: 1
[INFO] 2025-12-11 23:01:06,396 train_epochs: 100
[INFO] 2025-12-11 23:01:06,396 batch_size: 128
[INFO] 2025-12-11 23:01:06,396 patience: 10
[INFO] 2025-12-11 23:01:06,396 learning_rate: 0.0001
[INFO] 2025-12-11 23:01:06,396 des: Exp
[INFO] 2025-12-11 23:01:06,396 loss: mse
[INFO] 2025-12-11 23:01:06,397 lradj: type3
[INFO] 2025-12-11 23:01:06,397 pct_start: 0.3
[INFO] 2025-12-11 23:01:06,397 use_amp: False
[INFO] 2025-12-11 23:01:06,397 use_gpu: True
[INFO] 2025-12-11 23:01:06,397 gpu: 0
[INFO] 2025-12-11 23:01:06,397 use_multi_gpu: False
[INFO] 2025-12-11 23:01:06,397 devices: 0,1,2,3,4,5,6,7
[INFO] 2025-12-11 23:01:06,398 test_flop: False
[INFO] 2025-12-11 23:01:06,398 log: ./logs/LongForecasting/PatchTST_Electricity_336_96.log
[INFO] 2025-12-11 23:01:06,398 Use GPU: cuda:0
[INFO] 2025-12-12 00:01:58,191 ==================================================
[INFO] 2025-12-12 00:01:58,262 Args in experiment:
[INFO] 2025-12-12 00:01:58,263 random_seed: 2021
[INFO] 2025-12-12 00:01:58,263 is_training: 1
[INFO] 2025-12-12 00:01:58,263 model_id: ETTh2_336_192
[INFO] 2025-12-12 00:01:58,263 model: PatchTST
[INFO] 2025-12-12 00:01:58,264 data: ETTh2
[INFO] 2025-12-12 00:01:58,264 root_path: ./dataset/
[INFO] 2025-12-12 00:01:58,264 data_path: ETTh2.csv
[INFO] 2025-12-12 00:01:58,264 features: M
[INFO] 2025-12-12 00:01:58,264 target: OT
[INFO] 2025-12-12 00:01:58,265 freq: h
[INFO] 2025-12-12 00:01:58,265 checkpoints: ./checkpoints/
[INFO] 2025-12-12 00:01:58,265 seq_len: 336
[INFO] 2025-12-12 00:01:58,265 label_len: 48
[INFO] 2025-12-12 00:01:58,265 pred_len: 192
[INFO] 2025-12-12 00:01:58,266 fc_dropout: 0.0
[INFO] 2025-12-12 00:01:58,266 head_dropout: 0.0
[INFO] 2025-12-12 00:01:58,266 add: False
[INFO] 2025-12-12 00:01:58,266 wo_conv: False
[INFO] 2025-12-12 00:01:58,266 serial_conv: False
[INFO] 2025-12-12 00:01:58,267 kernel_list: [3, 7, 9]
[INFO] 2025-12-12 00:01:58,267 patch_len: 1
[INFO] 2025-12-12 00:01:58,267 period: [24]
[INFO] 2025-12-12 00:01:58,267 stride: 1
[INFO] 2025-12-12 00:01:58,267 padding_patch: end
[INFO] 2025-12-12 00:01:58,268 revin: 1
[INFO] 2025-12-12 00:01:58,268 affine: 0
[INFO] 2025-12-12 00:01:58,268 subtract_last: 0
[INFO] 2025-12-12 00:01:58,268 decomposition: 0
[INFO] 2025-12-12 00:01:58,268 kernel_size: 25
[INFO] 2025-12-12 00:01:58,268 individual: 0
[INFO] 2025-12-12 00:01:58,269 embed_type: 0
[INFO] 2025-12-12 00:01:58,269 enc_in: 7
[INFO] 2025-12-12 00:01:58,269 dec_in: 7
[INFO] 2025-12-12 00:01:58,269 c_out: 7
[INFO] 2025-12-12 00:01:58,269 d_model: 16
[INFO] 2025-12-12 00:01:58,269 n_heads: 4
[INFO] 2025-12-12 00:01:58,270 e_layers: 3
[INFO] 2025-12-12 00:01:58,270 d_layers: 1
[INFO] 2025-12-12 00:01:58,270 d_ff: 128
[INFO] 2025-12-12 00:01:58,270 moving_avg: 25
[INFO] 2025-12-12 00:01:58,270 factor: 1
[INFO] 2025-12-12 00:01:58,270 distil: True
[INFO] 2025-12-12 00:01:58,270 dropout: 0.3
[INFO] 2025-12-12 00:01:58,271 attn_dropout: 0.05
[INFO] 2025-12-12 00:01:58,271 embed: timeF
[INFO] 2025-12-12 00:01:58,271 activation: gelu
[INFO] 2025-12-12 00:01:58,271 output_attention: False
[INFO] 2025-12-12 00:01:58,271 do_predict: False
[INFO] 2025-12-12 00:01:58,271 num_workers: 0
[INFO] 2025-12-12 00:01:58,271 itr: 1
[INFO] 2025-12-12 00:01:58,272 train_epochs: 100
[INFO] 2025-12-12 00:01:58,272 batch_size: 128
[INFO] 2025-12-12 00:01:58,272 patience: 10
[INFO] 2025-12-12 00:01:58,272 learning_rate: 0.0001
[INFO] 2025-12-12 00:01:58,272 des: Exp
[INFO] 2025-12-12 00:01:58,272 loss: mse
[INFO] 2025-12-12 00:01:58,273 lradj: type3
[INFO] 2025-12-12 00:01:58,273 pct_start: 0.3
[INFO] 2025-12-12 00:01:58,273 use_amp: False
[INFO] 2025-12-12 00:01:58,273 use_gpu: True
[INFO] 2025-12-12 00:01:58,273 gpu: 0
[INFO] 2025-12-12 00:01:58,273 use_multi_gpu: False
[INFO] 2025-12-12 00:01:58,273 devices: 0,1,2,3,4,5,6,7
[INFO] 2025-12-12 00:01:58,274 test_flop: False
[INFO] 2025-12-12 00:01:58,274 log: ./logs/LongForecasting/PatchTST_Electricity_336_96.log
[INFO] 2025-12-12 00:01:58,274 Use GPU: cuda:0
[INFO] 2025-12-12 00:01:58,381 >>>>>>>start training : ETTh2_336_192_PatchTST_ETTh2_ftM_sl336_ll48_pl192_dm16_nh4_el3_dl1_df128_fc1_ebtimeF_dtTrue_Exp_0>>>>>>>>>>>>>>>>>>>>>>>>>>
[INFO] 2025-12-12 00:01:58,453 train, 8113
[INFO] 2025-12-12 00:01:58,485 val, 2689
[INFO] 2025-12-12 00:01:58,519 test, 2689
[INFO] 2025-12-12 00:04:35,817 Epoch: 1 cost time: 156.57732152938843
[INFO] 2025-12-12 00:04:53,801 Epoch: 1, Steps: 63 | Train Loss: 0.7200427 Vali Loss: 0.3680916 Test Loss: 0.4062651
[INFO] 2025-12-12 00:04:53,802 Validation loss decreased (inf --> 0.368092).  Saving model ...
[INFO] 2025-12-12 00:04:53,813 Updating learning rate to 0.0001
[INFO] 2025-12-12 00:07:30,674 Epoch: 2 cost time: 156.86069226264954
[INFO] 2025-12-12 00:07:49,851 Epoch: 2, Steps: 63 | Train Loss: 0.6080399 Vali Loss: 0.2892618 Test Loss: 0.3515148
[INFO] 2025-12-12 00:07:49,851 Validation loss decreased (0.368092 --> 0.289262).  Saving model ...
[INFO] 2025-12-12 00:07:49,863 Updating learning rate to 0.0001
[INFO] 2025-12-12 00:10:26,044 Epoch: 3 cost time: 156.1801836490631
[INFO] 2025-12-12 00:10:44,231 Epoch: 3, Steps: 63 | Train Loss: 0.5450902 Vali Loss: 0.2863819 Test Loss: 0.3416771
[INFO] 2025-12-12 00:10:44,232 Validation loss decreased (0.289262 --> 0.286382).  Saving model ...
[INFO] 2025-12-12 00:10:44,246 Updating learning rate to 0.0001
[INFO] 2025-12-12 00:13:20,448 Epoch: 4 cost time: 156.20188736915588
[INFO] 2025-12-12 00:13:38,465 Epoch: 4, Steps: 63 | Train Loss: 0.5214544 Vali Loss: 0.2826315 Test Loss: 0.3370919
[INFO] 2025-12-12 00:13:38,465 Validation loss decreased (0.286382 --> 0.282631).  Saving model ...
[INFO] 2025-12-12 00:13:38,476 Updating learning rate to 9e-05
[INFO] 2025-12-12 00:16:14,643 Epoch: 5 cost time: 156.1656219959259
[INFO] 2025-12-12 00:16:33,548 Epoch: 5, Steps: 63 | Train Loss: 0.5090558 Vali Loss: 0.2817075 Test Loss: 0.3378537
[INFO] 2025-12-12 00:16:33,548 Validation loss decreased (0.282631 --> 0.281708).  Saving model ...
[INFO] 2025-12-12 00:16:33,560 Updating learning rate to 8.1e-05
[INFO] 2025-12-12 00:19:10,449 Epoch: 6 cost time: 156.88949275016785
[INFO] 2025-12-12 00:19:27,176 Epoch: 6, Steps: 63 | Train Loss: 0.5008150 Vali Loss: 0.2836649 Test Loss: 0.3391868
[INFO] 2025-12-12 00:19:27,176 EarlyStopping counter: 1 out of 10
[INFO] 2025-12-12 00:19:27,176 Updating learning rate to 7.290000000000001e-05
[INFO] 2025-12-12 00:22:06,713 Epoch: 7 cost time: 159.5360381603241
[INFO] 2025-12-12 00:22:24,849 Epoch: 7, Steps: 63 | Train Loss: 0.4974470 Vali Loss: 0.2814738 Test Loss: 0.3404068
[INFO] 2025-12-12 00:22:24,849 Validation loss decreased (0.281708 --> 0.281474).  Saving model ...
[INFO] 2025-12-12 00:22:24,862 Updating learning rate to 6.561e-05
[INFO] 2025-12-12 00:25:04,408 Epoch: 8 cost time: 159.5452537536621
[INFO] 2025-12-12 00:25:22,868 Epoch: 8, Steps: 63 | Train Loss: 0.4952814 Vali Loss: 0.2815285 Test Loss: 0.3425405
[INFO] 2025-12-12 00:25:22,868 EarlyStopping counter: 1 out of 10
[INFO] 2025-12-12 00:25:22,868 Updating learning rate to 5.904900000000001e-05
[INFO] 2025-12-12 00:28:02,618 Epoch: 9 cost time: 159.74952340126038
[INFO] 2025-12-12 00:28:20,626 Epoch: 9, Steps: 63 | Train Loss: 0.4915132 Vali Loss: 0.2827448 Test Loss: 0.3413368
[INFO] 2025-12-12 00:28:20,626 EarlyStopping counter: 2 out of 10
[INFO] 2025-12-12 00:28:20,626 Updating learning rate to 5.3144100000000005e-05
[INFO] 2025-12-12 00:31:00,301 Epoch: 10 cost time: 159.67384386062622
[INFO] 2025-12-12 00:31:17,673 Epoch: 10, Steps: 63 | Train Loss: 0.4903800 Vali Loss: 0.2820444 Test Loss: 0.3424014
[INFO] 2025-12-12 00:31:17,673 EarlyStopping counter: 3 out of 10
[INFO] 2025-12-12 00:31:17,673 Updating learning rate to 4.782969000000001e-05
[INFO] 2025-12-12 00:33:57,229 Epoch: 11 cost time: 159.5542232990265
[INFO] 2025-12-12 00:34:16,450 Epoch: 11, Steps: 63 | Train Loss: 0.4860825 Vali Loss: 0.2814267 Test Loss: 0.3438765
[INFO] 2025-12-12 00:34:16,450 Validation loss decreased (0.281474 --> 0.281427).  Saving model ...
[INFO] 2025-12-12 00:34:16,461 Updating learning rate to 4.304672100000001e-05
[INFO] 2025-12-12 00:36:55,939 Epoch: 12 cost time: 159.477632522583
[INFO] 2025-12-12 00:37:13,379 Epoch: 12, Steps: 63 | Train Loss: 0.4846554 Vali Loss: 0.2849831 Test Loss: 0.3425543
[INFO] 2025-12-12 00:37:13,379 EarlyStopping counter: 1 out of 10
[INFO] 2025-12-12 00:37:13,379 Updating learning rate to 3.874204890000001e-05
[INFO] 2025-12-12 00:39:53,015 Epoch: 13 cost time: 159.63475704193115
[INFO] 2025-12-12 00:40:10,951 Epoch: 13, Steps: 63 | Train Loss: 0.4850868 Vali Loss: 0.2838013 Test Loss: 0.3425270
[INFO] 2025-12-12 00:40:10,952 EarlyStopping counter: 2 out of 10
[INFO] 2025-12-12 00:40:10,952 Updating learning rate to 3.486784401000001e-05
[INFO] 2025-12-12 00:42:50,640 Epoch: 14 cost time: 159.6882359981537
[INFO] 2025-12-12 00:43:08,639 Epoch: 14, Steps: 63 | Train Loss: 0.4840402 Vali Loss: 0.2804199 Test Loss: 0.3441468
[INFO] 2025-12-12 00:43:08,639 Validation loss decreased (0.281427 --> 0.280420).  Saving model ...
[INFO] 2025-12-12 00:43:08,650 Updating learning rate to 3.138105960900001e-05
[INFO] 2025-12-12 00:45:48,340 Epoch: 15 cost time: 159.688738822937
[INFO] 2025-12-12 00:46:08,007 Epoch: 15, Steps: 63 | Train Loss: 0.4808032 Vali Loss: 0.2839102 Test Loss: 0.3433526
[INFO] 2025-12-12 00:46:08,007 EarlyStopping counter: 1 out of 10
[INFO] 2025-12-12 00:46:08,008 Updating learning rate to 2.824295364810001e-05
[INFO] 2025-12-12 00:48:49,035 Epoch: 16 cost time: 161.02588391304016
[INFO] 2025-12-12 00:49:07,061 Epoch: 16, Steps: 63 | Train Loss: 0.4803174 Vali Loss: 0.2849320 Test Loss: 0.3434235
[INFO] 2025-12-12 00:49:07,061 EarlyStopping counter: 2 out of 10
[INFO] 2025-12-12 00:49:07,061 Updating learning rate to 2.541865828329001e-05
[INFO] 2025-12-12 00:51:46,656 Epoch: 17 cost time: 159.59402418136597
[INFO] 2025-12-12 00:52:04,373 Epoch: 17, Steps: 63 | Train Loss: 0.4814817 Vali Loss: 0.2848627 Test Loss: 0.3423670
[INFO] 2025-12-12 00:52:04,373 EarlyStopping counter: 3 out of 10
[INFO] 2025-12-12 00:52:04,373 Updating learning rate to 2.287679245496101e-05
[INFO] 2025-12-12 00:54:43,956 Epoch: 18 cost time: 159.58251976966858
[INFO] 2025-12-12 00:55:02,633 Epoch: 18, Steps: 63 | Train Loss: 0.4799731 Vali Loss: 0.2837530 Test Loss: 0.3457941
[INFO] 2025-12-12 00:55:02,633 EarlyStopping counter: 4 out of 10
[INFO] 2025-12-12 00:55:02,633 Updating learning rate to 2.0589113209464907e-05
[INFO] 2025-12-12 00:57:42,879 Epoch: 19 cost time: 160.24591493606567
[INFO] 2025-12-12 00:58:00,699 Epoch: 19, Steps: 63 | Train Loss: 0.4799360 Vali Loss: 0.2849329 Test Loss: 0.3440660
[INFO] 2025-12-12 00:58:00,699 EarlyStopping counter: 5 out of 10
[INFO] 2025-12-12 00:58:00,699 Updating learning rate to 1.8530201888518416e-05
[INFO] 2025-12-12 01:00:40,307 Epoch: 20 cost time: 159.60749626159668
[INFO] 2025-12-12 01:00:58,247 Epoch: 20, Steps: 63 | Train Loss: 0.4796022 Vali Loss: 0.2856345 Test Loss: 0.3443565
[INFO] 2025-12-12 01:00:58,247 EarlyStopping counter: 6 out of 10
[INFO] 2025-12-12 01:00:58,247 Updating learning rate to 1.6677181699666577e-05
[INFO] 2025-12-12 01:03:37,995 Epoch: 21 cost time: 159.7473030090332
[INFO] 2025-12-12 01:03:55,437 Epoch: 21, Steps: 63 | Train Loss: 0.4776166 Vali Loss: 0.2851054 Test Loss: 0.3435400
[INFO] 2025-12-12 01:03:55,437 EarlyStopping counter: 7 out of 10
[INFO] 2025-12-12 01:03:55,438 Updating learning rate to 1.5009463529699919e-05
[INFO] 2025-12-12 01:06:36,700 Epoch: 22 cost time: 161.26232385635376
[INFO] 2025-12-12 01:06:52,758 Epoch: 22, Steps: 63 | Train Loss: 0.4779719 Vali Loss: 0.2833827 Test Loss: 0.3457039
[INFO] 2025-12-12 01:06:52,758 EarlyStopping counter: 8 out of 10
[INFO] 2025-12-12 01:06:52,758 Updating learning rate to 1.3508517176729929e-05
[INFO] 2025-12-12 01:09:32,373 Epoch: 23 cost time: 159.6141607761383
[INFO] 2025-12-12 01:09:51,222 Epoch: 23, Steps: 63 | Train Loss: 0.4782544 Vali Loss: 0.2858799 Test Loss: 0.3445038
[INFO] 2025-12-12 01:09:51,222 EarlyStopping counter: 9 out of 10
[INFO] 2025-12-12 01:09:51,222 Updating learning rate to 1.2157665459056936e-05
[INFO] 2025-12-12 01:12:30,689 Epoch: 24 cost time: 159.46522307395935
[INFO] 2025-12-12 01:12:48,208 Epoch: 24, Steps: 63 | Train Loss: 0.4770592 Vali Loss: 0.2846280 Test Loss: 0.3454510
[INFO] 2025-12-12 01:12:48,209 EarlyStopping counter: 10 out of 10
[INFO] 2025-12-12 01:12:48,209 Early stopping
[INFO] 2025-12-12 01:12:48,239 >>>>>>>testing : ETTh2_336_192_PatchTST_ETTh2_ftM_sl336_ll48_pl192_dm16_nh4_el3_dl1_df128_fc1_ebtimeF_dtTrue_Exp_0<<<<<<<<<<<<<<<<<<<<<<<<<<<<<<<<<
[INFO] 2025-12-12 01:12:48,271 test, 2689
[INFO] 2025-12-12 01:19:58,070 mse:0.344146728515625, mae:0.38144898414611816, rse:0.47044914960861206
