[INFO] 2025-12-10 22:58:20,156 ==================================================
[INFO] 2025-12-10 22:58:20,195 Args in experiment:
[INFO] 2025-12-10 22:58:20,195 random_seed: 2021
[INFO] 2025-12-10 22:58:20,196 is_training: 1
[INFO] 2025-12-10 22:58:20,196 model_id: ETTh1_720_336
[INFO] 2025-12-10 22:58:20,196 model: ADF
[INFO] 2025-12-10 22:58:20,196 data: ETTh1
[INFO] 2025-12-10 22:58:20,196 root_path: ./dataset/
[INFO] 2025-12-10 22:58:20,197 data_path: ETTh1.csv
[INFO] 2025-12-10 22:58:20,197 features: M
[INFO] 2025-12-10 22:58:20,197 target: OT
[INFO] 2025-12-10 22:58:20,197 freq: h
[INFO] 2025-12-10 22:58:20,197 checkpoints: ./checkpoints/
[INFO] 2025-12-10 22:58:20,197 seq_len: 720
[INFO] 2025-12-10 22:58:20,197 label_len: 48
[INFO] 2025-12-10 22:58:20,197 pred_len: 336
[INFO] 2025-12-10 22:58:20,197 fc_dropout: 0.25
[INFO] 2025-12-10 22:58:20,197 head_dropout: 0.0
[INFO] 2025-12-10 22:58:20,197 add: False
[INFO] 2025-12-10 22:58:20,197 wo_conv: False
[INFO] 2025-12-10 22:58:20,197 serial_conv: False
[INFO] 2025-12-10 22:58:20,197 kernel_list: [3, 7, 11]
[INFO] 2025-12-10 22:58:20,197 patch_len: [1]
[INFO] 2025-12-10 22:58:20,197 period: [24]
[INFO] 2025-12-10 22:58:20,197 stride: [1]
[INFO] 2025-12-10 22:58:20,197 padding_patch: end
[INFO] 2025-12-10 22:58:20,197 revin: 1
[INFO] 2025-12-10 22:58:20,197 affine: 0
[INFO] 2025-12-10 22:58:20,197 subtract_last: 0
[INFO] 2025-12-10 22:58:20,197 decomposition: 0
[INFO] 2025-12-10 22:58:20,197 kernel_size: 25
[INFO] 2025-12-10 22:58:20,197 individual: 0
[INFO] 2025-12-10 22:58:20,197 embed_type: 0
[INFO] 2025-12-10 22:58:20,197 enc_in: 7
[INFO] 2025-12-10 22:58:20,197 dec_in: 7
[INFO] 2025-12-10 22:58:20,197 c_out: 7
[INFO] 2025-12-10 22:58:20,197 d_model: 16
[INFO] 2025-12-10 22:58:20,202 n_heads: 4
[INFO] 2025-12-10 22:58:20,202 e_layers: 3
[INFO] 2025-12-10 22:58:20,202 d_layers: 1
[INFO] 2025-12-10 22:58:20,202 d_ff: 128
[INFO] 2025-12-10 22:58:20,202 moving_avg: 25
[INFO] 2025-12-10 22:58:20,202 factor: 1
[INFO] 2025-12-10 22:58:20,202 distil: True
[INFO] 2025-12-10 22:58:20,203 dropout: 0.5
[INFO] 2025-12-10 22:58:20,203 attn_dropout: 0.05
[INFO] 2025-12-10 22:58:20,203 embed: timeF
[INFO] 2025-12-10 22:58:20,203 activation: gelu
[INFO] 2025-12-10 22:58:20,203 output_attention: False
[INFO] 2025-12-10 22:58:20,203 do_predict: False
[INFO] 2025-12-10 22:58:20,203 num_workers: 0
[INFO] 2025-12-10 22:58:20,204 itr: 1
[INFO] 2025-12-10 22:58:20,204 train_epochs: 100
[INFO] 2025-12-10 22:58:20,204 batch_size: 128
[INFO] 2025-12-10 22:58:20,204 patience: 10
[INFO] 2025-12-10 22:58:20,204 learning_rate: 0.00025
[INFO] 2025-12-10 22:58:20,204 des: Exp
[INFO] 2025-12-10 22:58:20,204 loss: mse
[INFO] 2025-12-10 22:58:20,205 lradj: type3
[INFO] 2025-12-10 22:58:20,205 pct_start: 0.2
[INFO] 2025-12-10 22:58:20,205 use_amp: False
[INFO] 2025-12-10 22:58:20,205 use_gpu: True
[INFO] 2025-12-10 22:58:20,205 gpu: 0
[INFO] 2025-12-10 22:58:20,205 use_multi_gpu: False
[INFO] 2025-12-10 22:58:20,205 devices: 0,1,2,3,4,5,6,7
[INFO] 2025-12-10 22:58:20,206 test_flop: False
[INFO] 2025-12-10 22:58:20,206 log: ./logs/LongForecasting/PatchTST_Electricity_336_96.log
[INFO] 2025-12-10 22:58:20,206 Use GPU: cuda:0
[INFO] 2025-12-10 22:58:20,324 >>>>>>>start training : ETTh1_720_336_ADF_ETTh1_ftM_sl720_ll48_pl336_dm16_nh4_el3_dl1_df128_fc1_ebtimeF_dtTrue_Exp_0>>>>>>>>>>>>>>>>>>>>>>>>>>
[INFO] 2025-12-10 22:58:20,375 train, 7585
[INFO] 2025-12-10 22:58:20,406 val, 2545
[INFO] 2025-12-10 22:58:20,439 test, 2545
[INFO] 2025-12-10 22:58:22,956 Epoch: 1 cost time: 1.8333618640899658
[INFO] 2025-12-10 22:58:45,292 Epoch: 1, Steps: 59 | Train Loss: 0.7284692 Vali Loss: 1.6281691 Test Loss: 0.7227447
[INFO] 2025-12-10 22:58:45,292 Validation loss decreased (inf --> 1.628169).  Saving model ...
[INFO] 2025-12-10 22:58:45,313 Updating learning rate to 0.00025
[INFO] 2025-12-10 22:58:47,077 Epoch: 2 cost time: 1.7631547451019287
[INFO] 2025-12-10 22:59:02,393 Epoch: 2, Steps: 59 | Train Loss: 0.5637525 Vali Loss: 1.2467701 Test Loss: 0.4517427
[INFO] 2025-12-10 22:59:02,394 Validation loss decreased (1.628169 --> 1.246770).  Saving model ...
[INFO] 2025-12-10 22:59:02,407 Updating learning rate to 0.00025
[INFO] 2025-12-10 22:59:04,077 Epoch: 3 cost time: 1.6696293354034424
[INFO] 2025-12-10 22:59:18,529 Epoch: 3, Steps: 59 | Train Loss: 0.4727361 Vali Loss: 1.2651283 Test Loss: 0.4321812
[INFO] 2025-12-10 22:59:18,529 EarlyStopping counter: 1 out of 10
[INFO] 2025-12-10 22:59:18,529 Updating learning rate to 0.00025
[INFO] 2025-12-10 22:59:20,312 Epoch: 4 cost time: 1.7835617065429688
[INFO] 2025-12-10 22:59:34,931 Epoch: 4, Steps: 59 | Train Loss: 0.4586465 Vali Loss: 1.2511137 Test Loss: 0.4276731
[INFO] 2025-12-10 22:59:34,931 EarlyStopping counter: 2 out of 10
[INFO] 2025-12-10 22:59:34,931 Updating learning rate to 0.00022500000000000002
[INFO] 2025-12-10 22:59:36,797 Epoch: 5 cost time: 1.8669145107269287
[INFO] 2025-12-10 22:59:51,482 Epoch: 5, Steps: 59 | Train Loss: 0.4512814 Vali Loss: 1.2738891 Test Loss: 0.4240408
[INFO] 2025-12-10 22:59:51,482 EarlyStopping counter: 3 out of 10
[INFO] 2025-12-10 22:59:51,482 Updating learning rate to 0.00020250000000000002
[INFO] 2025-12-10 22:59:53,268 Epoch: 6 cost time: 1.785703182220459
[INFO] 2025-12-10 23:00:07,867 Epoch: 6, Steps: 59 | Train Loss: 0.4468525 Vali Loss: 1.3181573 Test Loss: 0.4235833
[INFO] 2025-12-10 23:00:07,867 EarlyStopping counter: 4 out of 10
[INFO] 2025-12-10 23:00:07,867 Updating learning rate to 0.00018225000000000004
[INFO] 2025-12-10 23:00:09,568 Epoch: 7 cost time: 1.7001681327819824
[INFO] 2025-12-10 23:00:24,069 Epoch: 7, Steps: 59 | Train Loss: 0.4422800 Vali Loss: 1.2579561 Test Loss: 0.4245499
[INFO] 2025-12-10 23:00:24,069 EarlyStopping counter: 5 out of 10
[INFO] 2025-12-10 23:00:24,069 Updating learning rate to 0.00016402500000000002
[INFO] 2025-12-10 23:00:25,803 Epoch: 8 cost time: 1.7334609031677246
[INFO] 2025-12-10 23:00:40,388 Epoch: 8, Steps: 59 | Train Loss: 0.4396071 Vali Loss: 1.2921284 Test Loss: 0.4234287
[INFO] 2025-12-10 23:00:40,388 EarlyStopping counter: 6 out of 10
[INFO] 2025-12-10 23:00:40,388 Updating learning rate to 0.0001476225
[INFO] 2025-12-10 23:00:42,054 Epoch: 9 cost time: 1.6668078899383545
[INFO] 2025-12-10 23:01:01,590 Epoch: 9, Steps: 59 | Train Loss: 0.4365487 Vali Loss: 1.2725484 Test Loss: 0.4228139
[INFO] 2025-12-10 23:01:01,590 EarlyStopping counter: 7 out of 10
[INFO] 2025-12-10 23:01:01,590 Updating learning rate to 0.00013286025
[INFO] 2025-12-10 23:01:03,390 Epoch: 10 cost time: 1.8003265857696533
[INFO] 2025-12-10 23:01:17,942 Epoch: 10, Steps: 59 | Train Loss: 0.4332599 Vali Loss: 1.3109807 Test Loss: 0.4198681
[INFO] 2025-12-10 23:01:17,942 EarlyStopping counter: 8 out of 10
[INFO] 2025-12-10 23:01:17,942 Updating learning rate to 0.00011957422500000003
[INFO] 2025-12-10 23:01:19,661 Epoch: 11 cost time: 1.7193429470062256
[INFO] 2025-12-10 23:01:34,177 Epoch: 11, Steps: 59 | Train Loss: 0.4314687 Vali Loss: 1.3546134 Test Loss: 0.4219932
[INFO] 2025-12-10 23:01:34,177 EarlyStopping counter: 9 out of 10
[INFO] 2025-12-10 23:01:34,177 Updating learning rate to 0.00010761680250000003
[INFO] 2025-12-10 23:01:35,877 Epoch: 12 cost time: 1.700185775756836
[INFO] 2025-12-10 23:01:52,329 Epoch: 12, Steps: 59 | Train Loss: 0.4290393 Vali Loss: 1.2997481 Test Loss: 0.4204063
[INFO] 2025-12-10 23:01:52,329 EarlyStopping counter: 10 out of 10
[INFO] 2025-12-10 23:01:52,329 Early stopping
[INFO] 2025-12-10 23:01:52,378 >>>>>>>testing : ETTh1_720_336_ADF_ETTh1_ftM_sl720_ll48_pl336_dm16_nh4_el3_dl1_df128_fc1_ebtimeF_dtTrue_Exp_0<<<<<<<<<<<<<<<<<<<<<<<<<<<<<<<<<
[INFO] 2025-12-10 23:01:52,401 test, 2545
[INFO] 2025-12-10 23:08:09,903 mse:0.451742559671402, mae:0.46198776364326477, rse:0.639878511428833
[INFO] 2025-12-16 16:52:50,962 ==================================================
[INFO] 2025-12-16 16:52:50,998 Args in experiment:
[INFO] 2025-12-16 16:52:50,998 random_seed: 2021
[INFO] 2025-12-16 16:52:50,999 is_training: 1
[INFO] 2025-12-16 16:52:50,999 model_id: ETTh1_720_336
[INFO] 2025-12-16 16:52:50,999 model: ADF
[INFO] 2025-12-16 16:52:50,999 data: ETTh1
[INFO] 2025-12-16 16:52:50,999 root_path: ./dataset/
[INFO] 2025-12-16 16:52:51,000 data_path: ETTh1.csv
[INFO] 2025-12-16 16:52:51,000 features: M
[INFO] 2025-12-16 16:52:51,000 target: OT
[INFO] 2025-12-16 16:52:51,000 freq: h
[INFO] 2025-12-16 16:52:51,000 checkpoints: ./checkpoints/
[INFO] 2025-12-16 16:52:51,000 seq_len: 720
[INFO] 2025-12-16 16:52:51,001 label_len: 48
[INFO] 2025-12-16 16:52:51,001 pred_len: 336
[INFO] 2025-12-16 16:52:51,001 fc_dropout: 0.25
[INFO] 2025-12-16 16:52:51,001 head_dropout: 0.0
[INFO] 2025-12-16 16:52:51,001 add: False
[INFO] 2025-12-16 16:52:51,001 wo_conv: False
[INFO] 2025-12-16 16:52:51,002 serial_conv: False
[INFO] 2025-12-16 16:52:51,002 kernel_list: [3, 7, 11]
[INFO] 2025-12-16 16:52:51,002 patch_len: [1]
[INFO] 2025-12-16 16:52:51,002 period: [48]
[INFO] 2025-12-16 16:52:51,002 stride: [1]
[INFO] 2025-12-16 16:52:51,002 padding_patch: end
[INFO] 2025-12-16 16:52:51,002 revin: 1
[INFO] 2025-12-16 16:52:51,003 affine: 0
[INFO] 2025-12-16 16:52:51,003 subtract_last: 0
[INFO] 2025-12-16 16:52:51,003 decomposition: 0
[INFO] 2025-12-16 16:52:51,003 kernel_size: 25
[INFO] 2025-12-16 16:52:51,003 individual: 0
[INFO] 2025-12-16 16:52:51,003 embed_type: 0
[INFO] 2025-12-16 16:52:51,004 enc_in: 7
[INFO] 2025-12-16 16:52:51,004 dec_in: 7
[INFO] 2025-12-16 16:52:51,004 c_out: 7
[INFO] 2025-12-16 16:52:51,004 d_model: 16
[INFO] 2025-12-16 16:52:51,004 n_heads: 4
[INFO] 2025-12-16 16:52:51,004 e_layers: 3
[INFO] 2025-12-16 16:52:51,004 d_layers: 1
[INFO] 2025-12-16 16:52:51,005 d_ff: 128
[INFO] 2025-12-16 16:52:51,005 moving_avg: 25
[INFO] 2025-12-16 16:52:51,005 factor: 1
[INFO] 2025-12-16 16:52:51,005 distil: True
[INFO] 2025-12-16 16:52:51,005 dropout: 0.5
[INFO] 2025-12-16 16:52:51,005 attn_dropout: 0.05
[INFO] 2025-12-16 16:52:51,005 embed: timeF
[INFO] 2025-12-16 16:52:51,006 activation: gelu
[INFO] 2025-12-16 16:52:51,006 output_attention: False
[INFO] 2025-12-16 16:52:51,006 do_predict: False
[INFO] 2025-12-16 16:52:51,006 num_workers: 0
[INFO] 2025-12-16 16:52:51,006 itr: 1
[INFO] 2025-12-16 16:52:51,006 train_epochs: 15
[INFO] 2025-12-16 16:52:51,006 batch_size: 128
[INFO] 2025-12-16 16:52:51,007 patience: 5
[INFO] 2025-12-16 16:52:51,007 learning_rate: 0.00025
[INFO] 2025-12-16 16:52:51,007 des: Exp
[INFO] 2025-12-16 16:52:51,007 loss: mse
[INFO] 2025-12-16 16:52:51,007 lradj: type3
[INFO] 2025-12-16 16:52:51,007 pct_start: 0.2
[INFO] 2025-12-16 16:52:51,007 use_amp: False
[INFO] 2025-12-16 16:52:51,008 use_gpu: True
[INFO] 2025-12-16 16:52:51,008 gpu: 0
[INFO] 2025-12-16 16:52:51,008 use_multi_gpu: False
[INFO] 2025-12-16 16:52:51,008 devices: 0,1,2,3,4,5,6,7
[INFO] 2025-12-16 16:52:51,008 test_flop: False
[INFO] 2025-12-16 16:52:51,008 log: ./logs/LongForecasting/PatchTST_Electricity_336_96.log
[INFO] 2025-12-16 16:52:51,009 Use GPU: cuda:0
[INFO] 2025-12-16 16:52:51,131 >>>>>>>start training : ETTh1_720_336_ADF_ETTh1_ftM_sl720_ll48_pl336_dm16_nh4_el3_dl1_df128_fc1_ebtimeF_dtTrue_Exp_0>>>>>>>>>>>>>>>>>>>>>>>>>>
[INFO] 2025-12-16 16:52:51,181 train, 7585
[INFO] 2025-12-16 16:52:51,202 val, 2545
[INFO] 2025-12-16 16:52:51,245 test, 2545
[INFO] 2025-12-16 16:52:53,844 Epoch: 1 cost time: 1.9101102352142334
[INFO] 2025-12-16 16:53:09,364 Epoch: 1, Steps: 59 | Train Loss: 0.7248902 Vali Loss: 1.6272471 Test Loss: 0.7214720
[INFO] 2025-12-16 16:53:09,364 Validation loss decreased (inf --> 1.627247).  Saving model ...
[INFO] 2025-12-16 16:53:09,384 Updating learning rate to 0.00025
[INFO] 2025-12-16 16:53:11,207 Epoch: 2 cost time: 1.8228838443756104
[INFO] 2025-12-16 16:53:26,654 Epoch: 2, Steps: 59 | Train Loss: 0.5541122 Vali Loss: 1.2006227 Test Loss: 0.4466845
[INFO] 2025-12-16 16:53:26,654 Validation loss decreased (1.627247 --> 1.200623).  Saving model ...
[INFO] 2025-12-16 16:53:26,673 Updating learning rate to 0.00025
[INFO] 2025-12-16 16:53:28,517 Epoch: 3 cost time: 1.844144582748413
[INFO] 2025-12-16 16:53:43,969 Epoch: 3, Steps: 59 | Train Loss: 0.4719872 Vali Loss: 1.2244434 Test Loss: 0.4309166
[INFO] 2025-12-16 16:53:43,969 EarlyStopping counter: 1 out of 5
[INFO] 2025-12-16 16:53:43,969 Updating learning rate to 0.00025
[INFO] 2025-12-16 16:53:45,753 Epoch: 4 cost time: 1.7844796180725098
[INFO] 2025-12-16 16:54:01,271 Epoch: 4, Steps: 59 | Train Loss: 0.4581955 Vali Loss: 1.2190626 Test Loss: 0.4222836
[INFO] 2025-12-16 16:54:01,271 EarlyStopping counter: 2 out of 5
[INFO] 2025-12-16 16:54:01,271 Updating learning rate to 0.00022500000000000002
[INFO] 2025-12-16 16:54:03,072 Epoch: 5 cost time: 1.8011691570281982
[INFO] 2025-12-16 16:54:19,067 Epoch: 5, Steps: 59 | Train Loss: 0.4512309 Vali Loss: 1.2237774 Test Loss: 0.4199257
[INFO] 2025-12-16 16:54:19,067 EarlyStopping counter: 3 out of 5
[INFO] 2025-12-16 16:54:19,067 Updating learning rate to 0.00020250000000000002
[INFO] 2025-12-16 16:54:20,998 Epoch: 6 cost time: 1.9308257102966309
[INFO] 2025-12-16 16:54:36,455 Epoch: 6, Steps: 59 | Train Loss: 0.4446314 Vali Loss: 1.2197874 Test Loss: 0.4175539
[INFO] 2025-12-16 16:54:36,455 EarlyStopping counter: 4 out of 5
[INFO] 2025-12-16 16:54:36,455 Updating learning rate to 0.00018225000000000004
[INFO] 2025-12-16 16:54:38,308 Epoch: 7 cost time: 1.852229356765747
[INFO] 2025-12-16 16:54:54,360 Epoch: 7, Steps: 59 | Train Loss: 0.4416026 Vali Loss: 1.2578883 Test Loss: 0.4167165
[INFO] 2025-12-16 16:54:54,360 EarlyStopping counter: 5 out of 5
[INFO] 2025-12-16 16:54:54,360 Early stopping
[INFO] 2025-12-16 16:54:54,406 >>>>>>>testing : ETTh1_720_336_ADF_ETTh1_ftM_sl720_ll48_pl336_dm16_nh4_el3_dl1_df128_fc1_ebtimeF_dtTrue_Exp_0<<<<<<<<<<<<<<<<<<<<<<<<<<<<<<<<<
[INFO] 2025-12-16 16:54:54,430 test, 2545
[INFO] 2025-12-16 16:54:54,430 MoE Weight Saving: Enabled
[INFO] 2025-12-16 17:01:14,800 mse:0.4466845393180847, mae:0.45201656222343445, rse:0.636286199092865
[INFO] 2025-12-16 17:01:14,861 Saved MoE weights: moe_weights_period_0.npy, shape: (2545, 7, 2)
[INFO] 2025-12-16 17:01:14,970 start_time: 2025-12-16 16:52:50
[INFO] 2025-12-16 17:01:14,970 end_time: 2025-12-16 17:01:14
[INFO] 2025-12-16 17:01:14,970 ×ÜºÄÊ±Îª£º00:08:24
