[INFO] 2025-12-08 15:53:06,516 ==================================================
[INFO] 2025-12-08 15:53:06,556 Args in experiment:
[INFO] 2025-12-08 15:53:06,556 random_seed: 2021
[INFO] 2025-12-08 15:53:06,556 is_training: 1
[INFO] 2025-12-08 15:53:06,556 model_id: ETTh2_720_336
[INFO] 2025-12-08 15:53:06,556 model: PDF
[INFO] 2025-12-08 15:53:06,556 data: ETTh2
[INFO] 2025-12-08 15:53:06,556 root_path: ../data/dataset/
[INFO] 2025-12-08 15:53:06,556 data_path: ETTh2.csv
[INFO] 2025-12-08 15:53:06,556 features: M
[INFO] 2025-12-08 15:53:06,556 target: OT
[INFO] 2025-12-08 15:53:06,556 freq: h
[INFO] 2025-12-08 15:53:06,556 checkpoints: ./checkpoints/
[INFO] 2025-12-08 15:53:06,556 seq_len: 720
[INFO] 2025-12-08 15:53:06,556 label_len: 48
[INFO] 2025-12-08 15:53:06,556 pred_len: 336
[INFO] 2025-12-08 15:53:06,556 fc_dropout: 0.4
[INFO] 2025-12-08 15:53:06,556 head_dropout: 0.0
[INFO] 2025-12-08 15:53:06,556 add: False
[INFO] 2025-12-08 15:53:06,556 wo_conv: False
[INFO] 2025-12-08 15:53:06,556 serial_conv: False
[INFO] 2025-12-08 15:53:06,556 kernel_list: [3, 7, 11]
[INFO] 2025-12-08 15:53:06,556 patch_len: [4, 16, 48]
[INFO] 2025-12-08 15:53:06,556 period: [24, 180, 720]
[INFO] 2025-12-08 15:53:06,556 stride: [4, 16, 48]
[INFO] 2025-12-08 15:53:06,556 padding_patch: end
[INFO] 2025-12-08 15:53:06,556 revin: 1
[INFO] 2025-12-08 15:53:06,556 affine: 0
[INFO] 2025-12-08 15:53:06,563 subtract_last: 0
[INFO] 2025-12-08 15:53:06,563 decomposition: 0
[INFO] 2025-12-08 15:53:06,563 kernel_size: 25
[INFO] 2025-12-08 15:53:06,563 individual: 0
[INFO] 2025-12-08 15:53:06,563 embed_type: 0
[INFO] 2025-12-08 15:53:06,564 enc_in: 7
[INFO] 2025-12-08 15:53:06,564 dec_in: 7
[INFO] 2025-12-08 15:53:06,564 c_out: 7
[INFO] 2025-12-08 15:53:06,564 d_model: 16
[INFO] 2025-12-08 15:53:06,564 n_heads: 4
[INFO] 2025-12-08 15:53:06,565 e_layers: 3
[INFO] 2025-12-08 15:53:06,565 d_layers: 1
[INFO] 2025-12-08 15:53:06,565 d_ff: 128
[INFO] 2025-12-08 15:53:06,565 moving_avg: 25
[INFO] 2025-12-08 15:53:06,565 factor: 1
[INFO] 2025-12-08 15:53:06,565 distil: True
[INFO] 2025-12-08 15:53:06,566 dropout: 0.6
[INFO] 2025-12-08 15:53:06,566 attn_dropout: 0.05
[INFO] 2025-12-08 15:53:06,566 embed: timeF
[INFO] 2025-12-08 15:53:06,566 activation: gelu
[INFO] 2025-12-08 15:53:06,566 output_attention: False
[INFO] 2025-12-08 15:53:06,566 do_predict: False
[INFO] 2025-12-08 15:53:06,566 num_workers: 0
[INFO] 2025-12-08 15:53:06,566 itr: 1
[INFO] 2025-12-08 15:53:06,567 train_epochs: 100
[INFO] 2025-12-08 15:53:06,567 batch_size: 128
[INFO] 2025-12-08 15:53:06,567 patience: 10
[INFO] 2025-12-08 15:53:06,567 learning_rate: 0.0001
[INFO] 2025-12-08 15:53:06,567 des: Exp
[INFO] 2025-12-08 15:53:06,567 loss: mse
[INFO] 2025-12-08 15:53:06,567 lradj: type3
[INFO] 2025-12-08 15:53:06,567 pct_start: 0.3
[INFO] 2025-12-08 15:53:06,567 use_amp: False
[INFO] 2025-12-08 15:53:06,567 use_gpu: True
[INFO] 2025-12-08 15:53:06,567 gpu: 0
[INFO] 2025-12-08 15:53:06,567 use_multi_gpu: False
[INFO] 2025-12-08 15:53:06,567 devices: 0,1,2,3,4,5,6,7
[INFO] 2025-12-08 15:53:06,567 test_flop: False
[INFO] 2025-12-08 15:53:06,567 log: ./logs/LongForecasting/PatchTST_Electricity_336_96.log
[INFO] 2025-12-08 15:53:06,567 Use GPU: cuda:0
[INFO] 2025-12-08 15:53:06,730 >>>>>>>start training : ETTh2_720_336_PDF_ETTh2_ftM_sl720_ll48_pl336_dm16_nh4_el3_dl1_df128_fc1_ebtimeF_dtTrue_Exp_0>>>>>>>>>>>>>>>>>>>>>>>>>>
[INFO] 2025-12-08 15:53:06,780 train, 7585
[INFO] 2025-12-08 15:53:06,815 val, 2545
[INFO] 2025-12-08 15:53:06,847 test, 2545
[INFO] 2025-12-08 15:53:10,692 Epoch: 1 cost time: 3.1621406078338623
[INFO] 2025-12-08 15:53:43,285 Epoch: 1, Steps: 59 | Train Loss: 0.8839159 Vali Loss: 0.5843464 Test Loss: 0.4135254
[INFO] 2025-12-08 15:53:43,285 Validation loss decreased (inf --> 0.584346).  Saving model ...
[INFO] 2025-12-08 15:53:43,320 Updating learning rate to 0.0001
[INFO] 2025-12-08 15:53:46,218 Epoch: 2 cost time: 2.897172689437866
[INFO] 2025-12-08 15:54:18,335 Epoch: 2, Steps: 59 | Train Loss: 0.7488041 Vali Loss: 0.3992009 Test Loss: 0.3770466
[INFO] 2025-12-08 15:54:18,336 Validation loss decreased (0.584346 --> 0.399201).  Saving model ...
[INFO] 2025-12-08 15:54:18,371 Updating learning rate to 0.0001
[INFO] 2025-12-08 15:54:21,528 Epoch: 3 cost time: 3.1560251712799072
[INFO] 2025-12-08 15:54:54,340 Epoch: 3, Steps: 59 | Train Loss: 0.6744279 Vali Loss: 0.3832043 Test Loss: 0.3625283
[INFO] 2025-12-08 15:54:54,340 Validation loss decreased (0.399201 --> 0.383204).  Saving model ...
[INFO] 2025-12-08 15:54:54,380 Updating learning rate to 0.0001
[INFO] 2025-12-08 15:54:57,405 Epoch: 4 cost time: 3.0236575603485107
[INFO] 2025-12-08 15:55:29,860 Epoch: 4, Steps: 59 | Train Loss: 0.6540637 Vali Loss: 0.3810329 Test Loss: 0.3599804
[INFO] 2025-12-08 15:55:29,860 Validation loss decreased (0.383204 --> 0.381033).  Saving model ...
[INFO] 2025-12-08 15:55:29,903 Updating learning rate to 9e-05
[INFO] 2025-12-08 15:55:32,917 Epoch: 5 cost time: 3.0142509937286377
[INFO] 2025-12-08 15:56:05,373 Epoch: 5, Steps: 59 | Train Loss: 0.6446992 Vali Loss: 0.3818555 Test Loss: 0.3574939
[INFO] 2025-12-08 15:56:05,374 EarlyStopping counter: 1 out of 10
[INFO] 2025-12-08 15:56:05,374 Updating learning rate to 8.1e-05
[INFO] 2025-12-08 15:56:08,532 Epoch: 6 cost time: 3.1565587520599365
[INFO] 2025-12-08 15:56:41,092 Epoch: 6, Steps: 59 | Train Loss: 0.6360696 Vali Loss: 0.3757674 Test Loss: 0.3590953
[INFO] 2025-12-08 15:56:41,092 Validation loss decreased (0.381033 --> 0.375767).  Saving model ...
[INFO] 2025-12-08 15:56:41,126 Updating learning rate to 7.290000000000001e-05
[INFO] 2025-12-08 15:56:44,086 Epoch: 7 cost time: 2.9598982334136963
[INFO] 2025-12-08 15:57:17,073 Epoch: 7, Steps: 59 | Train Loss: 0.6316572 Vali Loss: 0.3755715 Test Loss: 0.3583575
[INFO] 2025-12-08 15:57:17,073 Validation loss decreased (0.375767 --> 0.375571).  Saving model ...
[INFO] 2025-12-08 15:57:17,114 Updating learning rate to 6.561e-05
[INFO] 2025-12-08 15:57:20,057 Epoch: 8 cost time: 2.9421451091766357
[INFO] 2025-12-08 15:57:53,194 Epoch: 8, Steps: 59 | Train Loss: 0.6288184 Vali Loss: 0.3765544 Test Loss: 0.3576565
[INFO] 2025-12-08 15:57:53,194 EarlyStopping counter: 1 out of 10
[INFO] 2025-12-08 15:57:53,194 Updating learning rate to 5.904900000000001e-05
[INFO] 2025-12-08 15:57:56,082 Epoch: 9 cost time: 2.8882460594177246
[INFO] 2025-12-08 15:58:28,881 Epoch: 9, Steps: 59 | Train Loss: 0.6252509 Vali Loss: 0.3800941 Test Loss: 0.3572973
[INFO] 2025-12-08 15:58:28,881 EarlyStopping counter: 2 out of 10
[INFO] 2025-12-08 15:58:28,881 Updating learning rate to 5.3144100000000005e-05
[INFO] 2025-12-08 15:58:31,898 Epoch: 10 cost time: 3.0171749591827393
[INFO] 2025-12-08 15:59:05,001 Epoch: 10, Steps: 59 | Train Loss: 0.6206657 Vali Loss: 0.3785915 Test Loss: 0.3582052
[INFO] 2025-12-08 15:59:05,001 EarlyStopping counter: 3 out of 10
[INFO] 2025-12-08 15:59:05,001 Updating learning rate to 4.782969000000001e-05
[INFO] 2025-12-08 15:59:07,885 Epoch: 11 cost time: 2.8835608959198
[INFO] 2025-12-08 15:59:41,125 Epoch: 11, Steps: 59 | Train Loss: 0.6193842 Vali Loss: 0.3820803 Test Loss: 0.3566866
[INFO] 2025-12-08 15:59:41,125 EarlyStopping counter: 4 out of 10
[INFO] 2025-12-08 15:59:41,125 Updating learning rate to 4.304672100000001e-05
[INFO] 2025-12-08 15:59:44,268 Epoch: 12 cost time: 3.1434972286224365
[INFO] 2025-12-08 16:00:17,660 Epoch: 12, Steps: 59 | Train Loss: 0.6180846 Vali Loss: 0.3780200 Test Loss: 0.3586382
[INFO] 2025-12-08 16:00:17,660 EarlyStopping counter: 5 out of 10
[INFO] 2025-12-08 16:00:17,660 Updating learning rate to 3.874204890000001e-05
[INFO] 2025-12-08 16:00:20,459 Epoch: 13 cost time: 2.799297332763672
[INFO] 2025-12-08 16:00:53,648 Epoch: 13, Steps: 59 | Train Loss: 0.6159142 Vali Loss: 0.3776921 Test Loss: 0.3576841
[INFO] 2025-12-08 16:00:53,648 EarlyStopping counter: 6 out of 10
[INFO] 2025-12-08 16:00:53,648 Updating learning rate to 3.486784401000001e-05
[INFO] 2025-12-08 16:00:56,730 Epoch: 14 cost time: 3.0804498195648193
[INFO] 2025-12-08 16:01:29,646 Epoch: 14, Steps: 59 | Train Loss: 0.6144801 Vali Loss: 0.3774498 Test Loss: 0.3585059
[INFO] 2025-12-08 16:01:29,647 EarlyStopping counter: 7 out of 10
[INFO] 2025-12-08 16:01:29,647 Updating learning rate to 3.138105960900001e-05
[INFO] 2025-12-08 16:01:32,667 Epoch: 15 cost time: 3.018612861633301
[INFO] 2025-12-08 16:02:05,253 Epoch: 15, Steps: 59 | Train Loss: 0.6132817 Vali Loss: 0.3784735 Test Loss: 0.3586067
[INFO] 2025-12-08 16:02:05,253 EarlyStopping counter: 8 out of 10
[INFO] 2025-12-08 16:02:05,253 Updating learning rate to 2.824295364810001e-05
[INFO] 2025-12-08 16:02:08,341 Epoch: 16 cost time: 3.088285207748413
[INFO] 2025-12-08 16:02:41,557 Epoch: 16, Steps: 59 | Train Loss: 0.6101187 Vali Loss: 0.3773940 Test Loss: 0.3589413
[INFO] 2025-12-08 16:02:41,557 EarlyStopping counter: 9 out of 10
[INFO] 2025-12-08 16:02:41,557 Updating learning rate to 2.541865828329001e-05
[INFO] 2025-12-08 16:02:44,729 Epoch: 17 cost time: 3.1716551780700684
[INFO] 2025-12-08 16:03:18,654 Epoch: 17, Steps: 59 | Train Loss: 0.6118159 Vali Loss: 0.3779215 Test Loss: 0.3588440
[INFO] 2025-12-08 16:03:18,654 EarlyStopping counter: 10 out of 10
[INFO] 2025-12-08 16:03:18,655 Early stopping
[INFO] 2025-12-08 16:03:18,734 >>>>>>>testing : ETTh2_720_336_PDF_ETTh2_ftM_sl720_ll48_pl336_dm16_nh4_el3_dl1_df128_fc1_ebtimeF_dtTrue_Exp_0<<<<<<<<<<<<<<<<<<<<<<<<<<<<<<<<<
[INFO] 2025-12-08 16:03:18,769 test, 2545
[INFO] 2025-12-08 16:09:18,693 mse:0.35835742950439453, mae:0.39911791682243347, rse:0.47862759232521057
