[INFO] 2025-12-12 20:06:59,052 ==================================================
[INFO] 2025-12-12 20:06:59,087 Args in experiment:
[INFO] 2025-12-12 20:06:59,087 random_seed: 2021
[INFO] 2025-12-12 20:06:59,088 is_training: 1
[INFO] 2025-12-12 20:06:59,088 model_id: ETTm1_720_336
[INFO] 2025-12-12 20:06:59,088 model: PDF
[INFO] 2025-12-12 20:06:59,088 data: ETTm1
[INFO] 2025-12-12 20:06:59,088 root_path: ./dataset/
[INFO] 2025-12-12 20:06:59,089 data_path: ETTm1.csv
[INFO] 2025-12-12 20:06:59,089 features: M
[INFO] 2025-12-12 20:06:59,089 target: OT
[INFO] 2025-12-12 20:06:59,089 freq: h
[INFO] 2025-12-12 20:06:59,089 checkpoints: ./checkpoints/
[INFO] 2025-12-12 20:06:59,090 seq_len: 720
[INFO] 2025-12-12 20:06:59,091 label_len: 48
[INFO] 2025-12-12 20:06:59,091 pred_len: 336
[INFO] 2025-12-12 20:06:59,091 fc_dropout: 0.25
[INFO] 2025-12-12 20:06:59,091 head_dropout: 0.0
[INFO] 2025-12-12 20:06:59,091 add: False
[INFO] 2025-12-12 20:06:59,091 wo_conv: False
[INFO] 2025-12-12 20:06:59,092 serial_conv: False
[INFO] 2025-12-12 20:06:59,092 kernel_list: [5, 7, 11, 15]
[INFO] 2025-12-12 20:06:59,092 patch_len: [3, 6, 16, 32, 48]
[INFO] 2025-12-12 20:06:59,092 period: [48, 90, 102, 360, 720]
[INFO] 2025-12-12 20:06:59,092 stride: [3, 6, 16, 32, 48]
[INFO] 2025-12-12 20:06:59,092 padding_patch: end
[INFO] 2025-12-12 20:06:59,092 revin: 1
[INFO] 2025-12-12 20:06:59,093 affine: 0
[INFO] 2025-12-12 20:06:59,093 subtract_last: 0
[INFO] 2025-12-12 20:06:59,093 decomposition: 0
[INFO] 2025-12-12 20:06:59,093 kernel_size: 25
[INFO] 2025-12-12 20:06:59,093 individual: 0
[INFO] 2025-12-12 20:06:59,093 embed_type: 0
[INFO] 2025-12-12 20:06:59,094 enc_in: 7
[INFO] 2025-12-12 20:06:59,094 dec_in: 7
[INFO] 2025-12-12 20:06:59,094 c_out: 7
[INFO] 2025-12-12 20:06:59,094 d_model: 48
[INFO] 2025-12-12 20:06:59,094 n_heads: 16
[INFO] 2025-12-12 20:06:59,094 e_layers: 3
[INFO] 2025-12-12 20:06:59,094 d_layers: 1
[INFO] 2025-12-12 20:06:59,095 d_ff: 48
[INFO] 2025-12-12 20:06:59,095 moving_avg: 25
[INFO] 2025-12-12 20:06:59,095 factor: 1
[INFO] 2025-12-12 20:06:59,095 distil: True
[INFO] 2025-12-12 20:06:59,095 dropout: 0.5
[INFO] 2025-12-12 20:06:59,095 attn_dropout: 0.05
[INFO] 2025-12-12 20:06:59,096 embed: timeF
[INFO] 2025-12-12 20:06:59,096 activation: gelu
[INFO] 2025-12-12 20:06:59,096 output_attention: False
[INFO] 2025-12-12 20:06:59,096 do_predict: False
[INFO] 2025-12-12 20:06:59,096 num_workers: 0
[INFO] 2025-12-12 20:06:59,096 itr: 1
[INFO] 2025-12-12 20:06:59,096 train_epochs: 100
[INFO] 2025-12-12 20:06:59,097 batch_size: 128
[INFO] 2025-12-12 20:06:59,097 patience: 20
[INFO] 2025-12-12 20:06:59,097 learning_rate: 0.0001
[INFO] 2025-12-12 20:06:59,097 des: Exp
[INFO] 2025-12-12 20:06:59,097 loss: mse
[INFO] 2025-12-12 20:06:59,097 lradj: TST
[INFO] 2025-12-12 20:06:59,097 pct_start: 0.3
[INFO] 2025-12-12 20:06:59,098 use_amp: False
[INFO] 2025-12-12 20:06:59,098 use_gpu: True
[INFO] 2025-12-12 20:06:59,098 gpu: 0
[INFO] 2025-12-12 20:06:59,098 use_multi_gpu: False
[INFO] 2025-12-12 20:06:59,098 devices: 0,1,2,3,4,5,6,7
[INFO] 2025-12-12 20:06:59,098 test_flop: False
[INFO] 2025-12-12 20:06:59,099 log: ./logs/LongForecasting/PatchTST_Electricity_336_96.log
[INFO] 2025-12-12 20:06:59,099 Use GPU: cuda:0
[INFO] 2025-12-12 20:06:59,253 >>>>>>>start training : ETTm1_720_336_PDF_ETTm1_ftM_sl720_ll48_pl336_dm48_nh16_el3_dl1_df48_fc1_ebtimeF_dtTrue_Exp_0>>>>>>>>>>>>>>>>>>>>>>>>>>
[INFO] 2025-12-12 23:38:57,171 ==================================================
[INFO] 2025-12-12 23:38:57,223 Args in experiment:
[INFO] 2025-12-12 23:38:57,223 random_seed: 2021
[INFO] 2025-12-12 23:38:57,224 is_training: 1
[INFO] 2025-12-12 23:38:57,224 model_id: ETTm1_720_336
[INFO] 2025-12-12 23:38:57,224 model: PDF
[INFO] 2025-12-12 23:38:57,224 data: ETTm1
[INFO] 2025-12-12 23:38:57,224 root_path: ./dataset/
[INFO] 2025-12-12 23:38:57,224 data_path: ETTm1.csv
[INFO] 2025-12-12 23:38:57,225 features: M
[INFO] 2025-12-12 23:38:57,225 target: OT
[INFO] 2025-12-12 23:38:57,225 freq: h
[INFO] 2025-12-12 23:38:57,225 checkpoints: ./checkpoints/
[INFO] 2025-12-12 23:38:57,225 seq_len: 720
[INFO] 2025-12-12 23:38:57,225 label_len: 48
[INFO] 2025-12-12 23:38:57,226 pred_len: 336
[INFO] 2025-12-12 23:38:57,226 fc_dropout: 0.25
[INFO] 2025-12-12 23:38:57,226 head_dropout: 0.0
[INFO] 2025-12-12 23:38:57,226 add: False
[INFO] 2025-12-12 23:38:57,226 wo_conv: False
[INFO] 2025-12-12 23:38:57,226 serial_conv: False
[INFO] 2025-12-12 23:38:57,226 kernel_list: [5, 7, 11, 15]
[INFO] 2025-12-12 23:38:57,227 patch_len: [3, 6, 16, 32, 48]
[INFO] 2025-12-12 23:38:57,227 period: [48, 90, 102, 360, 720]
[INFO] 2025-12-12 23:38:57,227 stride: [3, 6, 16, 32, 48]
[INFO] 2025-12-12 23:38:57,227 padding_patch: end
[INFO] 2025-12-12 23:38:57,227 revin: 1
[INFO] 2025-12-12 23:38:57,227 affine: 0
[INFO] 2025-12-12 23:38:57,227 subtract_last: 0
[INFO] 2025-12-12 23:38:57,228 decomposition: 0
[INFO] 2025-12-12 23:38:57,228 kernel_size: 25
[INFO] 2025-12-12 23:38:57,228 individual: 0
[INFO] 2025-12-12 23:38:57,228 embed_type: 0
[INFO] 2025-12-12 23:38:57,228 enc_in: 7
[INFO] 2025-12-12 23:38:57,229 dec_in: 7
[INFO] 2025-12-12 23:38:57,229 c_out: 7
[INFO] 2025-12-12 23:38:57,229 d_model: 48
[INFO] 2025-12-12 23:38:57,229 n_heads: 16
[INFO] 2025-12-12 23:38:57,229 e_layers: 3
[INFO] 2025-12-12 23:38:57,229 d_layers: 1
[INFO] 2025-12-12 23:38:57,230 d_ff: 48
[INFO] 2025-12-12 23:38:57,230 moving_avg: 25
[INFO] 2025-12-12 23:38:57,230 factor: 1
[INFO] 2025-12-12 23:38:57,230 distil: True
[INFO] 2025-12-12 23:38:57,231 dropout: 0.5
[INFO] 2025-12-12 23:38:57,231 attn_dropout: 0.05
[INFO] 2025-12-12 23:38:57,231 embed: timeF
[INFO] 2025-12-12 23:38:57,231 activation: gelu
[INFO] 2025-12-12 23:38:57,231 output_attention: False
[INFO] 2025-12-12 23:38:57,231 do_predict: False
[INFO] 2025-12-12 23:38:57,232 num_workers: 0
[INFO] 2025-12-12 23:38:57,232 itr: 1
[INFO] 2025-12-12 23:38:57,232 train_epochs: 100
[INFO] 2025-12-12 23:38:57,232 batch_size: 128
[INFO] 2025-12-12 23:38:57,232 patience: 20
[INFO] 2025-12-12 23:38:57,232 learning_rate: 0.0001
[INFO] 2025-12-12 23:38:57,232 des: Exp
[INFO] 2025-12-12 23:38:57,233 loss: mse
[INFO] 2025-12-12 23:38:57,233 lradj: TST
[INFO] 2025-12-12 23:38:57,233 pct_start: 0.3
[INFO] 2025-12-12 23:38:57,233 use_amp: False
[INFO] 2025-12-12 23:38:57,233 use_gpu: True
[INFO] 2025-12-12 23:38:57,233 gpu: 0
[INFO] 2025-12-12 23:38:57,233 use_multi_gpu: False
[INFO] 2025-12-12 23:38:57,234 devices: 0,1,2,3,4,5,6,7
[INFO] 2025-12-12 23:38:57,234 test_flop: False
[INFO] 2025-12-12 23:38:57,234 log: ./logs/LongForecasting/PatchTST_Electricity_336_96.log
[INFO] 2025-12-12 23:38:57,234 Use GPU: cuda:0
[INFO] 2025-12-12 23:38:57,398 >>>>>>>start training : ETTm1_720_336_PDF_ETTm1_ftM_sl720_ll48_pl336_dm48_nh16_el3_dl1_df48_fc1_ebtimeF_dtTrue_Exp_0>>>>>>>>>>>>>>>>>>>>>>>>>>
[INFO] 2025-12-12 23:38:57,514 train, 33505
[INFO] 2025-12-12 23:38:57,615 val, 11185
[INFO] 2025-12-12 23:38:57,715 test, 3585
[INFO] 2025-12-12 23:39:08,949 	iters: 100, epoch: 1 | loss: 0.5608845
[INFO] 2025-12-12 23:39:08,949 	speed: 0.1123s/iter; left time: 2920.6683s
[INFO] 2025-12-12 23:39:19,849 	iters: 200, epoch: 1 | loss: 0.5324164
[INFO] 2025-12-12 23:39:19,849 	speed: 0.1090s/iter; left time: 2822.9560s
[INFO] 2025-12-12 23:39:26,583 Epoch: 1 cost time: 28.15079617500305
[INFO] 2025-12-12 23:40:56,739 Epoch: 1, Steps: 261 | Train Loss: 0.5594187 Vali Loss: 0.8644522 Test Loss: 0.3840158
[INFO] 2025-12-12 23:40:56,739 Validation loss decreased (inf --> 0.864452).  Saving model ...
[INFO] 2025-12-12 23:40:56,808 Updating learning rate to 4.263016138275974e-06
[INFO] 2025-12-12 23:41:07,779 	iters: 100, epoch: 2 | loss: 0.4770110
[INFO] 2025-12-12 23:41:07,779 	speed: 1.0793s/iter; left time: 27781.1423s
[INFO] 2025-12-12 23:41:18,646 	iters: 200, epoch: 2 | loss: 0.4223616
[INFO] 2025-12-12 23:41:18,646 	speed: 0.1087s/iter; left time: 2786.3654s
[INFO] 2025-12-12 23:41:25,313 Epoch: 2 cost time: 28.50278377532959
[INFO] 2025-12-12 23:42:53,669 Epoch: 2, Steps: 261 | Train Loss: 0.4604307 Vali Loss: 0.7271808 Test Loss: 0.3073107
[INFO] 2025-12-12 23:42:53,669 Validation loss decreased (0.864452 --> 0.727181).  Saving model ...
[INFO] 2025-12-12 23:42:53,740 Updating learning rate to 5.0491821577291525e-06
[INFO] 2025-12-12 23:43:04,908 	iters: 100, epoch: 3 | loss: 0.4705191
[INFO] 2025-12-12 23:43:04,908 	speed: 1.0626s/iter; left time: 27074.6302s
[INFO] 2025-12-12 23:43:15,823 	iters: 200, epoch: 3 | loss: 0.4493478
[INFO] 2025-12-12 23:43:15,823 	speed: 0.1091s/iter; left time: 2770.0550s
[INFO] 2025-12-12 23:43:22,539 Epoch: 3 cost time: 28.796929121017456
[INFO] 2025-12-12 23:44:52,003 Epoch: 3, Steps: 261 | Train Loss: 0.4318526 Vali Loss: 0.6927765 Test Loss: 0.2866093
[INFO] 2025-12-12 23:44:52,003 Validation loss decreased (0.727181 --> 0.692777).  Saving model ...
[INFO] 2025-12-12 23:44:52,069 Updating learning rate to 6.3498824604228535e-06
[INFO] 2025-12-12 23:45:03,151 	iters: 100, epoch: 4 | loss: 0.3852495
[INFO] 2025-12-12 23:45:03,151 	speed: 1.0733s/iter; left time: 27065.9828s
[INFO] 2025-12-12 23:45:14,105 	iters: 200, epoch: 4 | loss: 0.3963020
[INFO] 2025-12-12 23:45:14,105 	speed: 0.1095s/iter; left time: 2751.2524s
[INFO] 2025-12-12 23:45:20,752 Epoch: 4 cost time: 28.68292474746704
[INFO] 2025-12-12 23:46:54,012 Epoch: 4, Steps: 261 | Train Loss: 0.4172720 Vali Loss: 0.6810917 Test Loss: 0.2796442
[INFO] 2025-12-12 23:46:54,012 Validation loss decreased (0.692777 --> 0.681092).  Saving model ...
[INFO] 2025-12-12 23:46:54,131 Updating learning rate to 8.150862664245873e-06
[INFO] 2025-12-12 23:47:05,349 	iters: 100, epoch: 5 | loss: 0.4135804
[INFO] 2025-12-12 23:47:05,349 	speed: 1.1124s/iter; left time: 27763.2248s
[INFO] 2025-12-12 23:47:16,260 	iters: 200, epoch: 5 | loss: 0.3983799
[INFO] 2025-12-12 23:47:16,260 	speed: 0.1091s/iter; left time: 2712.1192s
[INFO] 2025-12-12 23:47:22,926 Epoch: 5 cost time: 28.795215129852295
[INFO] 2025-12-12 23:48:53,044 Epoch: 5, Steps: 261 | Train Loss: 0.4055188 Vali Loss: 0.6708944 Test Loss: 0.2734874
[INFO] 2025-12-12 23:48:53,044 Validation loss decreased (0.681092 --> 0.670894).  Saving model ...
[INFO] 2025-12-12 23:48:53,115 Updating learning rate to 1.043238581676818e-05
[INFO] 2025-12-12 23:49:04,162 	iters: 100, epoch: 6 | loss: 0.4106043
[INFO] 2025-12-12 23:49:04,162 	speed: 1.0790s/iter; left time: 26647.4443s
[INFO] 2025-12-12 23:49:15,043 	iters: 200, epoch: 6 | loss: 0.3983341
[INFO] 2025-12-12 23:49:15,043 	speed: 0.1088s/iter; left time: 2676.3628s
[INFO] 2025-12-12 23:49:21,842 Epoch: 6 cost time: 28.72415828704834
[INFO] 2025-12-12 23:50:51,474 Epoch: 6, Steps: 261 | Train Loss: 0.3943574 Vali Loss: 0.6672908 Test Loss: 0.2706758
[INFO] 2025-12-12 23:50:51,474 Validation loss decreased (0.670894 --> 0.667291).  Saving model ...
[INFO] 2025-12-12 23:50:51,543 Updating learning rate to 1.3169448692616274e-05
[INFO] 2025-12-12 23:51:02,573 	iters: 100, epoch: 7 | loss: 0.3632862
[INFO] 2025-12-12 23:51:02,573 	speed: 1.0753s/iter; left time: 26275.0661s
[INFO] 2025-12-12 23:51:13,534 	iters: 200, epoch: 7 | loss: 0.3526374
[INFO] 2025-12-12 23:51:13,534 	speed: 0.1096s/iter; left time: 2667.3544s
[INFO] 2025-12-12 23:51:20,205 Epoch: 7 cost time: 28.6601824760437
[INFO] 2025-12-12 23:52:49,996 Epoch: 7, Steps: 261 | Train Loss: 0.3842318 Vali Loss: 0.6594662 Test Loss: 0.2666783
[INFO] 2025-12-12 23:52:49,996 Validation loss decreased (0.667291 --> 0.659466).  Saving model ...
[INFO] 2025-12-12 23:52:50,049 Updating learning rate to 1.6332055803964157e-05
[INFO] 2025-12-12 23:53:01,156 	iters: 100, epoch: 8 | loss: 0.3496845
[INFO] 2025-12-12 23:53:01,156 	speed: 1.0762s/iter; left time: 26016.4998s
[INFO] 2025-12-12 23:53:12,086 	iters: 200, epoch: 8 | loss: 0.3928747
[INFO] 2025-12-12 23:53:12,086 	speed: 0.1093s/iter; left time: 2631.2457s
[INFO] 2025-12-12 23:53:18,789 Epoch: 8 cost time: 28.736809253692627
[INFO] 2025-12-12 23:54:46,967 Epoch: 8, Steps: 261 | Train Loss: 0.3754569 Vali Loss: 0.6598896 Test Loss: 0.2648459
[INFO] 2025-12-12 23:54:46,967 EarlyStopping counter: 1 out of 20
[INFO] 2025-12-12 23:54:46,967 Updating learning rate to 1.988554812125722e-05
[INFO] 2025-12-12 23:54:57,968 	iters: 100, epoch: 9 | loss: 0.3493266
[INFO] 2025-12-12 23:54:57,968 	speed: 1.0588s/iter; left time: 25319.4857s
[INFO] 2025-12-12 23:55:08,968 	iters: 200, epoch: 9 | loss: 0.3614597
[INFO] 2025-12-12 23:55:08,968 	speed: 0.1100s/iter; left time: 2619.5925s
[INFO] 2025-12-12 23:55:15,664 Epoch: 9 cost time: 28.696211099624634
[INFO] 2025-12-12 23:56:43,139 Epoch: 9, Steps: 261 | Train Loss: 0.3672250 Vali Loss: 0.6616770 Test Loss: 0.2631232
[INFO] 2025-12-12 23:56:43,139 EarlyStopping counter: 2 out of 20
[INFO] 2025-12-12 23:56:43,139 Updating learning rate to 2.379098290171682e-05
[INFO] 2025-12-12 23:56:54,094 	iters: 100, epoch: 10 | loss: 0.3430357
[INFO] 2025-12-12 23:56:54,094 	speed: 1.0513s/iter; left time: 24864.3606s
[INFO] 2025-12-12 23:57:04,971 	iters: 200, epoch: 10 | loss: 0.3641154
[INFO] 2025-12-12 23:57:04,972 	speed: 0.1088s/iter; left time: 2562.0182s
[INFO] 2025-12-12 23:57:11,697 Epoch: 10 cost time: 28.558229684829712
[INFO] 2025-12-12 23:58:41,840 Epoch: 10, Steps: 261 | Train Loss: 0.3602919 Vali Loss: 0.6468354 Test Loss: 0.2622086
[INFO] 2025-12-12 23:58:41,840 Validation loss decreased (0.659466 --> 0.646835).  Saving model ...
[INFO] 2025-12-12 23:58:41,909 Updating learning rate to 2.8005560463082683e-05
[INFO] 2025-12-12 23:58:52,929 	iters: 100, epoch: 11 | loss: 0.3346388
[INFO] 2025-12-12 23:58:52,930 	speed: 1.0796s/iter; left time: 25252.3113s
[INFO] 2025-12-12 23:59:03,791 	iters: 200, epoch: 11 | loss: 0.3339669
[INFO] 2025-12-12 23:59:03,791 	speed: 0.1086s/iter; left time: 2529.7951s
[INFO] 2025-12-12 23:59:10,509 Epoch: 11 cost time: 28.600117683410645
[INFO] 2025-12-13 00:00:41,218 Epoch: 11, Steps: 261 | Train Loss: 0.3542461 Vali Loss: 0.6430333 Test Loss: 0.2588168
[INFO] 2025-12-13 00:00:41,218 Validation loss decreased (0.646835 --> 0.643033).  Saving model ...
[INFO] 2025-12-13 00:00:41,282 Updating learning rate to 3.248309322557756e-05
[INFO] 2025-12-13 00:00:52,354 	iters: 100, epoch: 12 | loss: 0.3986426
[INFO] 2025-12-13 00:00:52,354 	speed: 1.0856s/iter; left time: 25110.6661s
[INFO] 2025-12-13 00:01:03,251 	iters: 200, epoch: 12 | loss: 0.3526822
[INFO] 2025-12-13 00:01:03,251 	speed: 0.1090s/iter; left time: 2509.4582s
[INFO] 2025-12-13 00:01:09,972 Epoch: 12 cost time: 28.68833351135254
[INFO] 2025-12-13 00:02:39,425 Epoch: 12, Steps: 261 | Train Loss: 0.3484848 Vali Loss: 0.6445610 Test Loss: 0.2556408
[INFO] 2025-12-13 00:02:39,425 EarlyStopping counter: 1 out of 20
[INFO] 2025-12-13 00:02:39,426 Updating learning rate to 3.717451188186e-05
[INFO] 2025-12-13 00:02:50,497 	iters: 100, epoch: 13 | loss: 0.3593261
[INFO] 2025-12-13 00:02:50,497 	speed: 1.0725s/iter; left time: 24526.1543s
[INFO] 2025-12-13 00:03:01,483 	iters: 200, epoch: 13 | loss: 0.3164245
[INFO] 2025-12-13 00:03:01,483 	speed: 0.1099s/iter; left time: 2501.3227s
[INFO] 2025-12-13 00:03:08,148 Epoch: 13 cost time: 28.72040867805481
[INFO] 2025-12-13 00:04:36,919 Epoch: 13, Steps: 261 | Train Loss: 0.3437854 Vali Loss: 0.6486973 Test Loss: 0.2530430
[INFO] 2025-12-13 00:04:36,919 EarlyStopping counter: 2 out of 20
[INFO] 2025-12-13 00:04:36,919 Updating learning rate to 4.2028403147846146e-05
[INFO] 2025-12-13 00:04:47,917 	iters: 100, epoch: 14 | loss: 0.3418826
[INFO] 2025-12-13 00:04:47,917 	speed: 1.0643s/iter; left time: 24062.5232s
[INFO] 2025-12-13 00:04:58,881 	iters: 200, epoch: 14 | loss: 0.3337163
[INFO] 2025-12-13 00:04:58,881 	speed: 0.1096s/iter; left time: 2467.9668s
[INFO] 2025-12-13 00:05:05,610 Epoch: 14 cost time: 28.689650058746338
[INFO] 2025-12-13 00:06:35,640 Epoch: 14, Steps: 261 | Train Loss: 0.3395845 Vali Loss: 0.6398364 Test Loss: 0.2519464
[INFO] 2025-12-13 00:06:35,640 Validation loss decreased (0.643033 --> 0.639836).  Saving model ...
[INFO] 2025-12-13 00:06:35,696 Updating learning rate to 4.699157320118639e-05
[INFO] 2025-12-13 00:06:46,775 	iters: 100, epoch: 15 | loss: 0.3342434
[INFO] 2025-12-13 00:06:46,775 	speed: 1.0788s/iter; left time: 24107.5553s
[INFO] 2025-12-13 00:06:57,767 	iters: 200, epoch: 15 | loss: 0.3285377
[INFO] 2025-12-13 00:06:57,767 	speed: 0.1099s/iter; left time: 2445.3237s
[INFO] 2025-12-13 00:07:04,575 Epoch: 15 cost time: 28.87906789779663
[INFO] 2025-12-13 00:08:35,571 Epoch: 15, Steps: 261 | Train Loss: 0.3353377 Vali Loss: 0.6449984 Test Loss: 0.2497100
[INFO] 2025-12-13 00:08:35,571 EarlyStopping counter: 1 out of 20
[INFO] 2025-12-13 00:08:35,571 Updating learning rate to 5.200963063267088e-05
[INFO] 2025-12-13 00:08:46,721 	iters: 100, epoch: 16 | loss: 0.3076793
[INFO] 2025-12-13 00:08:46,721 	speed: 1.0895s/iter; left time: 24063.6884s
[INFO] 2025-12-13 00:08:57,690 	iters: 200, epoch: 16 | loss: 0.3265939
[INFO] 2025-12-13 00:08:57,690 	speed: 0.1097s/iter; left time: 2411.6010s
[INFO] 2025-12-13 00:09:04,440 Epoch: 16 cost time: 28.869234800338745
[INFO] 2025-12-13 00:10:33,312 Epoch: 16, Steps: 261 | Train Loss: 0.3312930 Vali Loss: 0.6526492 Test Loss: 0.2508934
[INFO] 2025-12-13 00:10:33,312 EarlyStopping counter: 2 out of 20
[INFO] 2025-12-13 00:10:33,312 Updating learning rate to 5.7027582521996434e-05
[INFO] 2025-12-13 00:10:44,452 	iters: 100, epoch: 17 | loss: 0.3564626
[INFO] 2025-12-13 00:10:44,452 	speed: 1.0676s/iter; left time: 23300.6866s
[INFO] 2025-12-13 00:10:55,319 	iters: 200, epoch: 17 | loss: 0.3458730
[INFO] 2025-12-13 00:10:55,319 	speed: 0.1087s/iter; left time: 2360.8457s
[INFO] 2025-12-13 00:11:02,070 Epoch: 17 cost time: 28.758262634277344
[INFO] 2025-12-13 00:12:31,293 Epoch: 17, Steps: 261 | Train Loss: 0.3275616 Vali Loss: 0.6488473 Test Loss: 0.2519517
[INFO] 2025-12-13 00:12:31,293 EarlyStopping counter: 3 out of 20
[INFO] 2025-12-13 00:12:31,293 Updating learning rate to 6.199043710549703e-05
[INFO] 2025-12-13 00:12:42,312 	iters: 100, epoch: 18 | loss: 0.3186119
[INFO] 2025-12-13 00:12:42,312 	speed: 1.0699s/iter; left time: 23072.0911s
[INFO] 2025-12-13 00:12:53,232 	iters: 200, epoch: 18 | loss: 0.3197382
[INFO] 2025-12-13 00:12:53,232 	speed: 0.1092s/iter; left time: 2343.8796s
[INFO] 2025-12-13 00:12:59,899 Epoch: 18 cost time: 28.605152368545532
[INFO] 2025-12-13 00:14:28,573 Epoch: 18, Steps: 261 | Train Loss: 0.3249059 Vali Loss: 0.6516727 Test Loss: 0.2522378
[INFO] 2025-12-13 00:14:28,573 EarlyStopping counter: 4 out of 20
[INFO] 2025-12-13 00:14:28,573 Updating learning rate to 6.684380643119859e-05
[INFO] 2025-12-13 00:14:39,678 	iters: 100, epoch: 19 | loss: 0.3281054
[INFO] 2025-12-13 00:14:39,678 	speed: 1.0645s/iter; left time: 22676.0410s
[INFO] 2025-12-13 00:14:50,611 	iters: 200, epoch: 19 | loss: 0.3357521
[INFO] 2025-12-13 00:14:50,611 	speed: 0.1093s/iter; left time: 2318.3025s
[INFO] 2025-12-13 00:14:57,307 Epoch: 19 cost time: 28.73379373550415
[INFO] 2025-12-13 00:16:27,420 Epoch: 19, Steps: 261 | Train Loss: 0.3222311 Vali Loss: 0.6346335 Test Loss: 0.2524584
[INFO] 2025-12-13 00:16:27,421 Validation loss decreased (0.639836 --> 0.634634).  Saving model ...
[INFO] 2025-12-13 00:16:27,479 Updating learning rate to 7.153450239669808e-05
[INFO] 2025-12-13 00:16:38,601 	iters: 100, epoch: 20 | loss: 0.3057265
[INFO] 2025-12-13 00:16:38,601 	speed: 1.0799s/iter; left time: 22723.0744s
[INFO] 2025-12-13 00:16:49,540 	iters: 200, epoch: 20 | loss: 0.2988727
[INFO] 2025-12-13 00:16:49,540 	speed: 0.1094s/iter; left time: 2290.8878s
[INFO] 2025-12-13 00:16:56,275 Epoch: 20 cost time: 28.794100284576416
[INFO] 2025-12-13 00:18:23,531 Epoch: 20, Steps: 261 | Train Loss: 0.3198604 Vali Loss: 0.6547028 Test Loss: 0.2530015
[INFO] 2025-12-13 00:18:23,531 EarlyStopping counter: 1 out of 20
[INFO] 2025-12-13 00:18:23,531 Updating learning rate to 7.601111963788413e-05
[INFO] 2025-12-13 00:18:34,631 	iters: 100, epoch: 21 | loss: 0.3431104
[INFO] 2025-12-13 00:18:34,631 	speed: 1.0509s/iter; left time: 21839.0098s
[INFO] 2025-12-13 00:18:45,518 	iters: 200, epoch: 21 | loss: 0.3057950
[INFO] 2025-12-13 00:18:45,518 	speed: 0.1089s/iter; left time: 2251.4949s
[INFO] 2025-12-13 00:18:52,275 Epoch: 21 cost time: 28.744187593460083
[INFO] 2025-12-13 00:20:19,303 Epoch: 21, Steps: 261 | Train Loss: 0.3174346 Vali Loss: 0.6534771 Test Loss: 0.2531697
[INFO] 2025-12-13 00:20:19,303 EarlyStopping counter: 2 out of 20
[INFO] 2025-12-13 00:20:19,303 Updating learning rate to 8.022459888061858e-05
[INFO] 2025-12-13 00:20:30,344 	iters: 100, epoch: 22 | loss: 0.3289478
[INFO] 2025-12-13 00:20:30,344 	speed: 1.0483s/iter; left time: 21510.2623s
[INFO] 2025-12-13 00:20:41,247 	iters: 200, epoch: 22 | loss: 0.3012122
[INFO] 2025-12-13 00:20:41,247 	speed: 0.1090s/iter; left time: 2226.4481s
[INFO] 2025-12-13 00:20:47,934 Epoch: 22 cost time: 28.630729913711548
[INFO] 2025-12-13 00:22:16,730 Epoch: 22, Steps: 261 | Train Loss: 0.3150823 Vali Loss: 0.6426297 Test Loss: 0.2520971
[INFO] 2025-12-13 00:22:16,730 EarlyStopping counter: 3 out of 20
[INFO] 2025-12-13 00:22:16,730 Updating learning rate to 8.412876458160432e-05
[INFO] 2025-12-13 00:22:27,831 	iters: 100, epoch: 23 | loss: 0.3251539
[INFO] 2025-12-13 00:22:27,831 	speed: 1.0658s/iter; left time: 21592.8416s
[INFO] 2025-12-13 00:22:38,782 	iters: 200, epoch: 23 | loss: 0.3292760
[INFO] 2025-12-13 00:22:38,782 	speed: 0.1095s/iter; left time: 2207.5808s
[INFO] 2025-12-13 00:22:45,579 Epoch: 23 cost time: 28.84943151473999
[INFO] 2025-12-13 00:24:12,686 Epoch: 23, Steps: 261 | Train Loss: 0.3131775 Vali Loss: 0.6440147 Test Loss: 0.2526197
[INFO] 2025-12-13 00:24:12,686 EarlyStopping counter: 4 out of 20
[INFO] 2025-12-13 00:24:12,686 Updating learning rate to 8.768083096643046e-05
[INFO] 2025-12-13 00:24:23,724 	iters: 100, epoch: 24 | loss: 0.3227759
[INFO] 2025-12-13 00:24:23,724 	speed: 1.0494s/iter; left time: 20986.4249s
[INFO] 2025-12-13 00:24:34,674 	iters: 200, epoch: 24 | loss: 0.3047168
[INFO] 2025-12-13 00:24:34,674 	speed: 0.1095s/iter; left time: 2178.7664s
[INFO] 2025-12-13 00:24:41,457 Epoch: 24 cost time: 28.77070713043213
[INFO] 2025-12-13 00:26:08,644 Epoch: 24, Steps: 261 | Train Loss: 0.3112859 Vali Loss: 0.6492398 Test Loss: 0.2522680
[INFO] 2025-12-13 00:26:08,644 EarlyStopping counter: 5 out of 20
[INFO] 2025-12-13 00:26:08,644 Updating learning rate to 9.08418709191204e-05
[INFO] 2025-12-13 00:26:19,649 	iters: 100, epoch: 25 | loss: 0.3284973
[INFO] 2025-12-13 00:26:19,649 	speed: 1.0497s/iter; left time: 20718.8977s
[INFO] 2025-12-13 00:26:30,570 	iters: 200, epoch: 25 | loss: 0.3221333
[INFO] 2025-12-13 00:26:30,570 	speed: 0.1092s/iter; left time: 2144.5203s
[INFO] 2025-12-13 00:26:37,285 Epoch: 25 cost time: 28.637694597244263
[INFO] 2025-12-13 00:28:11,325 Epoch: 25, Steps: 261 | Train Loss: 0.3093673 Vali Loss: 0.6485916 Test Loss: 0.2517805
[INFO] 2025-12-13 00:28:11,325 EarlyStopping counter: 6 out of 20
[INFO] 2025-12-13 00:28:11,325 Updating learning rate to 9.357724258462031e-05
[INFO] 2025-12-13 00:28:22,419 	iters: 100, epoch: 26 | loss: 0.2834904
[INFO] 2025-12-13 00:28:22,420 	speed: 1.1185s/iter; left time: 21783.9703s
[INFO] 2025-12-13 00:28:33,382 	iters: 200, epoch: 26 | loss: 0.3388936
[INFO] 2025-12-13 00:28:33,382 	speed: 0.1096s/iter; left time: 2124.0533s
[INFO] 2025-12-13 00:28:40,149 Epoch: 26 cost time: 28.823588371276855
[INFO] 2025-12-13 00:30:11,350 Epoch: 26, Steps: 261 | Train Loss: 0.3074888 Vali Loss: 0.6550951 Test Loss: 0.2540476
[INFO] 2025-12-13 00:30:11,350 EarlyStopping counter: 7 out of 20
[INFO] 2025-12-13 00:30:11,350 Updating learning rate to 9.585696900908815e-05
[INFO] 2025-12-13 00:30:22,375 	iters: 100, epoch: 27 | loss: 0.2882603
[INFO] 2025-12-13 00:30:22,375 	speed: 1.0899s/iter; left time: 20942.9051s
[INFO] 2025-12-13 00:30:33,275 	iters: 200, epoch: 27 | loss: 0.3206944
[INFO] 2025-12-13 00:30:33,275 	speed: 0.1090s/iter; left time: 2083.5412s
[INFO] 2025-12-13 00:30:40,008 Epoch: 27 cost time: 28.65726327896118
[INFO] 2025-12-13 00:32:11,935 Epoch: 27, Steps: 261 | Train Loss: 0.3060958 Vali Loss: 0.6456264 Test Loss: 0.2526394
[INFO] 2025-12-13 00:32:11,935 EarlyStopping counter: 8 out of 20
[INFO] 2025-12-13 00:32:11,936 Updating learning rate to 9.765606665750349e-05
[INFO] 2025-12-13 00:32:23,021 	iters: 100, epoch: 28 | loss: 0.3324775
[INFO] 2025-12-13 00:32:23,021 	speed: 1.0975s/iter; left time: 20801.2881s
[INFO] 2025-12-13 00:32:33,892 	iters: 200, epoch: 28 | loss: 0.2745784
[INFO] 2025-12-13 00:32:33,892 	speed: 0.1087s/iter; left time: 2049.6261s
[INFO] 2025-12-13 00:32:40,599 Epoch: 28 cost time: 28.66142225265503
[INFO] 2025-12-13 00:34:13,885 Epoch: 28, Steps: 261 | Train Loss: 0.3043025 Vali Loss: 0.6530547 Test Loss: 0.2518977
[INFO] 2025-12-13 00:34:13,885 EarlyStopping counter: 9 out of 20
[INFO] 2025-12-13 00:34:13,885 Updating learning rate to 9.89548192083719e-05
[INFO] 2025-12-13 00:34:24,954 	iters: 100, epoch: 29 | loss: 0.3043179
[INFO] 2025-12-13 00:34:24,954 	speed: 1.1106s/iter; left time: 20760.7844s
[INFO] 2025-12-13 00:34:35,870 	iters: 200, epoch: 29 | loss: 0.3205977
[INFO] 2025-12-13 00:34:35,870 	speed: 0.1092s/iter; left time: 2029.6715s
[INFO] 2025-12-13 00:34:42,589 Epoch: 29 cost time: 28.703766107559204
[INFO] 2025-12-13 00:36:14,715 Epoch: 29, Steps: 261 | Train Loss: 0.3025910 Vali Loss: 0.6489090 Test Loss: 0.2515319
[INFO] 2025-12-13 00:36:14,715 EarlyStopping counter: 10 out of 20
[INFO] 2025-12-13 00:36:14,715 Updating learning rate to 9.973899362500564e-05
[INFO] 2025-12-13 00:36:25,817 	iters: 100, epoch: 30 | loss: 0.2839274
[INFO] 2025-12-13 00:36:25,817 	speed: 1.0995s/iter; left time: 20265.4883s
[INFO] 2025-12-13 00:36:36,673 	iters: 200, epoch: 30 | loss: 0.2905959
[INFO] 2025-12-13 00:36:36,673 	speed: 0.1086s/iter; left time: 1990.0116s
[INFO] 2025-12-13 00:36:43,334 Epoch: 30 cost time: 28.60399889945984
[INFO] 2025-12-13 00:38:14,810 Epoch: 30, Steps: 261 | Train Loss: 0.3014076 Vali Loss: 0.6515064 Test Loss: 0.2529258
[INFO] 2025-12-13 00:38:14,810 EarlyStopping counter: 11 out of 20
[INFO] 2025-12-13 00:38:14,810 Updating learning rate to 9.999999926080178e-05
[INFO] 2025-12-13 00:38:25,858 	iters: 100, epoch: 31 | loss: 0.2960942
[INFO] 2025-12-13 00:38:25,858 	speed: 1.0919s/iter; left time: 19840.0628s
[INFO] 2025-12-13 00:38:36,901 	iters: 200, epoch: 31 | loss: 0.3053617
[INFO] 2025-12-13 00:38:36,901 	speed: 0.1104s/iter; left time: 1995.4695s
[INFO] 2025-12-13 00:38:43,498 Epoch: 31 cost time: 28.687859058380127
[INFO] 2025-12-13 00:40:16,094 Epoch: 31, Steps: 261 | Train Loss: 0.2998094 Vali Loss: 0.6543714 Test Loss: 0.2514420
[INFO] 2025-12-13 00:40:16,094 EarlyStopping counter: 12 out of 20
[INFO] 2025-12-13 00:40:16,094 Updating learning rate to 9.994926705804189e-05
[INFO] 2025-12-13 00:40:27,143 	iters: 100, epoch: 32 | loss: 0.2809180
[INFO] 2025-12-13 00:40:27,143 	speed: 1.1024s/iter; left time: 19744.3585s
[INFO] 2025-12-13 00:40:38,108 	iters: 200, epoch: 32 | loss: 0.3144291
[INFO] 2025-12-13 00:40:38,108 	speed: 0.1097s/iter; left time: 1952.9881s
[INFO] 2025-12-13 00:40:44,749 Epoch: 32 cost time: 28.654686212539673
[INFO] 2025-12-13 00:42:18,020 Epoch: 32, Steps: 261 | Train Loss: 0.2981448 Vali Loss: 0.6481069 Test Loss: 0.2519957
[INFO] 2025-12-13 00:42:18,021 EarlyStopping counter: 13 out of 20
[INFO] 2025-12-13 00:42:18,021 Updating learning rate to 9.97979440815803e-05
[INFO] 2025-12-13 00:42:29,138 	iters: 100, epoch: 33 | loss: 0.2878066
[INFO] 2025-12-13 00:42:29,138 	speed: 1.1103s/iter; left time: 19595.6706s
[INFO] 2025-12-13 00:42:40,036 	iters: 200, epoch: 33 | loss: 0.3215299
[INFO] 2025-12-13 00:42:40,036 	speed: 0.1090s/iter; left time: 1912.4497s
[INFO] 2025-12-13 00:42:46,803 Epoch: 33 cost time: 28.78220796585083
[INFO] 2025-12-13 00:44:22,818 Epoch: 33, Steps: 261 | Train Loss: 0.2968605 Vali Loss: 0.6536859 Test Loss: 0.2530068
[INFO] 2025-12-13 00:44:22,818 EarlyStopping counter: 14 out of 20
[INFO] 2025-12-13 00:44:22,834 Updating learning rate to 9.954633507575311e-05
[INFO] 2025-12-13 00:44:33,798 	iters: 100, epoch: 34 | loss: 0.2801857
[INFO] 2025-12-13 00:44:33,798 	speed: 1.1376s/iter; left time: 19780.8714s
[INFO] 2025-12-13 00:44:44,770 	iters: 200, epoch: 34 | loss: 0.2967453
[INFO] 2025-12-13 00:44:44,770 	speed: 0.1097s/iter; left time: 1896.9328s
[INFO] 2025-12-13 00:44:51,537 Epoch: 34 cost time: 28.70301651954651
[INFO] 2025-12-13 00:46:24,328 Epoch: 34, Steps: 261 | Train Loss: 0.2955844 Vali Loss: 0.6504565 Test Loss: 0.2529299
[INFO] 2025-12-13 00:46:24,328 EarlyStopping counter: 15 out of 20
[INFO] 2025-12-13 00:46:24,328 Updating learning rate to 9.919494674761328e-05
[INFO] 2025-12-13 00:46:35,315 	iters: 100, epoch: 35 | loss: 0.2954380
[INFO] 2025-12-13 00:46:35,315 	speed: 1.1055s/iter; left time: 18933.0745s
[INFO] 2025-12-13 00:46:46,264 	iters: 200, epoch: 35 | loss: 0.2757965
[INFO] 2025-12-13 00:46:46,264 	speed: 0.1095s/iter; left time: 1864.1924s
[INFO] 2025-12-13 00:46:52,967 Epoch: 35 cost time: 28.623769998550415
[INFO] 2025-12-13 00:48:24,262 Epoch: 35, Steps: 261 | Train Loss: 0.2943230 Vali Loss: 0.6577826 Test Loss: 0.2524848
[INFO] 2025-12-13 00:48:24,262 EarlyStopping counter: 16 out of 20
[INFO] 2025-12-13 00:48:24,262 Updating learning rate to 9.874448674649001e-05
[INFO] 2025-12-13 00:48:35,295 	iters: 100, epoch: 36 | loss: 0.3357795
[INFO] 2025-12-13 00:48:35,295 	speed: 1.0903s/iter; left time: 18389.2105s
[INFO] 2025-12-13 00:48:46,149 	iters: 200, epoch: 36 | loss: 0.2741119
[INFO] 2025-12-13 00:48:46,149 	speed: 0.1085s/iter; left time: 1819.7039s
[INFO] 2025-12-13 00:48:52,875 Epoch: 36 cost time: 28.61282515525818
[INFO] 2025-12-13 00:50:23,784 Epoch: 36, Steps: 261 | Train Loss: 0.2926913 Vali Loss: 0.6632597 Test Loss: 0.2529995
[INFO] 2025-12-13 00:50:23,784 EarlyStopping counter: 17 out of 20
[INFO] 2025-12-13 00:50:23,784 Updating learning rate to 9.819586223887713e-05
[INFO] 2025-12-13 00:50:34,808 	iters: 100, epoch: 37 | loss: 0.2930187
[INFO] 2025-12-13 00:50:34,808 	speed: 1.0866s/iter; left time: 18042.8481s
[INFO] 2025-12-13 00:50:45,714 	iters: 200, epoch: 37 | loss: 0.3067710
[INFO] 2025-12-13 00:50:45,714 	speed: 0.1091s/iter; left time: 1800.0829s
[INFO] 2025-12-13 00:50:52,372 Epoch: 37 cost time: 28.588456630706787
[INFO] 2025-12-13 00:52:22,515 Epoch: 37, Steps: 261 | Train Loss: 0.2916002 Vali Loss: 0.6608610 Test Loss: 0.2522361
[INFO] 2025-12-13 00:52:22,515 EarlyStopping counter: 18 out of 20
[INFO] 2025-12-13 00:52:22,515 Updating learning rate to 9.755017808152064e-05
[INFO] 2025-12-13 00:52:33,587 	iters: 100, epoch: 38 | loss: 0.3015767
[INFO] 2025-12-13 00:52:33,587 	speed: 1.0787s/iter; left time: 17630.7709s
[INFO] 2025-12-13 00:52:44,538 	iters: 200, epoch: 38 | loss: 0.2846365
[INFO] 2025-12-13 00:52:44,538 	speed: 0.1095s/iter; left time: 1778.8210s
[INFO] 2025-12-13 00:52:51,185 Epoch: 38 cost time: 28.670037508010864
[INFO] 2025-12-13 00:54:21,696 Epoch: 38, Steps: 261 | Train Loss: 0.2908163 Vali Loss: 0.6503038 Test Loss: 0.2543246
[INFO] 2025-12-13 00:54:21,696 EarlyStopping counter: 19 out of 20
[INFO] 2025-12-13 00:54:21,696 Updating learning rate to 9.680873459638405e-05
[INFO] 2025-12-13 00:54:32,800 	iters: 100, epoch: 39 | loss: 0.2972470
[INFO] 2025-12-13 00:54:32,800 	speed: 1.0826s/iter; left time: 17411.7945s
[INFO] 2025-12-13 00:54:43,798 	iters: 200, epoch: 39 | loss: 0.2869172
[INFO] 2025-12-13 00:54:43,798 	speed: 0.1100s/iter; left time: 1757.8910s
[INFO] 2025-12-13 00:54:50,470 Epoch: 39 cost time: 28.768567323684692
[INFO] 2025-12-13 00:56:23,494 Epoch: 39, Steps: 261 | Train Loss: 0.2895605 Vali Loss: 0.6550519 Test Loss: 0.2531900
[INFO] 2025-12-13 00:56:23,494 EarlyStopping counter: 20 out of 20
[INFO] 2025-12-13 00:56:23,494 Early stopping
[INFO] 2025-12-13 00:56:23,610 >>>>>>>testing : ETTm1_720_336_PDF_ETTm1_ftM_sl720_ll48_pl336_dm48_nh16_el3_dl1_df48_fc1_ebtimeF_dtTrue_Exp_0<<<<<<<<<<<<<<<<<<<<<<<<<<<<<<<<<
[INFO] 2025-12-13 00:56:23,699 test, 3585
[INFO] 2025-12-13 01:05:37,908 mse:0.25245827436447144, mae:0.32973241806030273, rse:0.5129281878471375
[INFO] 2025-12-13 13:25:09,508 ==================================================
[INFO] 2025-12-13 13:25:09,675 Args in experiment:
[INFO] 2025-12-13 13:25:09,675 random_seed: 2021
[INFO] 2025-12-13 13:25:09,675 is_training: 1
[INFO] 2025-12-13 13:25:09,675 model_id: ETTm1_720_336
[INFO] 2025-12-13 13:25:09,675 model: PDF
[INFO] 2025-12-13 13:25:09,675 data: ETTm1
[INFO] 2025-12-13 13:25:09,675 root_path: ./dataset/
[INFO] 2025-12-13 13:25:09,689 data_path: ETTm1.csv
[INFO] 2025-12-13 13:25:09,689 features: M
[INFO] 2025-12-13 13:25:09,689 target: OT
[INFO] 2025-12-13 13:25:09,689 freq: h
[INFO] 2025-12-13 13:25:09,689 checkpoints: ./checkpoints/
[INFO] 2025-12-13 13:25:09,689 seq_len: 720
[INFO] 2025-12-13 13:25:09,689 label_len: 48
[INFO] 2025-12-13 13:25:09,689 pred_len: 336
[INFO] 2025-12-13 13:25:09,689 fc_dropout: 0.25
[INFO] 2025-12-13 13:25:09,689 head_dropout: 0.0
[INFO] 2025-12-13 13:25:09,689 add: False
[INFO] 2025-12-13 13:25:09,689 wo_conv: False
[INFO] 2025-12-13 13:25:09,689 serial_conv: False
[INFO] 2025-12-13 13:25:09,689 kernel_list: [5, 7, 11, 15]
[INFO] 2025-12-13 13:25:09,689 patch_len: [3, 6, 32]
[INFO] 2025-12-13 13:25:09,689 period: [48, 90, 360]
[INFO] 2025-12-13 13:25:09,689 stride: [3, 6, 32]
[INFO] 2025-12-13 13:25:09,689 padding_patch: end
[INFO] 2025-12-13 13:25:09,689 revin: 1
[INFO] 2025-12-13 13:25:09,689 affine: 0
[INFO] 2025-12-13 13:25:09,689 subtract_last: 0
[INFO] 2025-12-13 13:25:09,689 decomposition: 0
[INFO] 2025-12-13 13:25:09,689 kernel_size: 25
[INFO] 2025-12-13 13:25:09,689 individual: 0
[INFO] 2025-12-13 13:25:09,689 embed_type: 0
[INFO] 2025-12-13 13:25:09,689 enc_in: 7
[INFO] 2025-12-13 13:25:09,689 dec_in: 7
[INFO] 2025-12-13 13:25:09,693 c_out: 7
[INFO] 2025-12-13 13:25:09,693 d_model: 48
[INFO] 2025-12-13 13:25:09,693 n_heads: 16
[INFO] 2025-12-13 13:25:09,693 e_layers: 3
[INFO] 2025-12-13 13:25:09,693 d_layers: 1
[INFO] 2025-12-13 13:25:09,693 d_ff: 48
[INFO] 2025-12-13 13:25:09,693 moving_avg: 25
[INFO] 2025-12-13 13:25:09,694 factor: 1
[INFO] 2025-12-13 13:25:09,694 distil: True
[INFO] 2025-12-13 13:25:09,694 dropout: 0.5
[INFO] 2025-12-13 13:25:09,694 attn_dropout: 0.05
[INFO] 2025-12-13 13:25:09,694 embed: timeF
[INFO] 2025-12-13 13:25:09,694 activation: gelu
[INFO] 2025-12-13 13:25:09,694 output_attention: False
[INFO] 2025-12-13 13:25:09,695 do_predict: False
[INFO] 2025-12-13 13:25:09,695 num_workers: 0
[INFO] 2025-12-13 13:25:09,696 itr: 1
[INFO] 2025-12-13 13:25:09,696 train_epochs: 20
[INFO] 2025-12-13 13:25:09,696 batch_size: 128
[INFO] 2025-12-13 13:25:09,696 patience: 10
[INFO] 2025-12-13 13:25:09,696 learning_rate: 0.0001
[INFO] 2025-12-13 13:25:09,696 des: Exp
[INFO] 2025-12-13 13:25:09,696 loss: mse
[INFO] 2025-12-13 13:25:09,696 lradj: TST
[INFO] 2025-12-13 13:25:09,696 pct_start: 0.3
[INFO] 2025-12-13 13:25:09,696 use_amp: False
[INFO] 2025-12-13 13:25:09,696 use_gpu: True
[INFO] 2025-12-13 13:25:09,697 gpu: 0
[INFO] 2025-12-13 13:25:09,697 use_multi_gpu: False
[INFO] 2025-12-13 13:25:09,697 devices: 0,1,2,3,4,5,6,7
[INFO] 2025-12-13 13:25:09,697 test_flop: False
[INFO] 2025-12-13 13:25:09,697 log: ./logs/LongForecasting/PatchTST_Electricity_336_96.log
[INFO] 2025-12-13 13:25:09,698 Use GPU: cuda:0
[INFO] 2025-12-13 13:25:10,138 >>>>>>>start training : ETTm1_720_336_PDF_ETTm1_ftM_sl720_ll48_pl336_dm48_nh16_el3_dl1_df48_fc1_ebtimeF_dtTrue_Exp_0>>>>>>>>>>>>>>>>>>>>>>>>>>
[INFO] 2025-12-13 13:25:10,558 train, 33505
[INFO] 2025-12-13 13:25:10,669 val, 11185
[INFO] 2025-12-13 13:25:10,801 test, 11185
[INFO] 2025-12-13 13:25:24,526 	iters: 100, epoch: 1 | loss: 0.6212695
[INFO] 2025-12-13 13:25:24,527 	speed: 0.1373s/iter; left time: 702.8739s
[INFO] 2025-12-13 13:25:31,176 	iters: 200, epoch: 1 | loss: 0.5251793
[INFO] 2025-12-13 13:25:31,176 	speed: 0.0665s/iter; left time: 333.8506s
[INFO] 2025-12-13 13:25:35,241 Epoch: 1 cost time: 20.5364031791687
[INFO] 2025-12-13 13:28:22,140 Epoch: 1, Steps: 261 | Train Loss: 0.5661620 Vali Loss: 0.8558342 Test Loss: 0.4705290
[INFO] 2025-12-13 13:28:22,140 Validation loss decreased (inf --> 0.855834).  Saving model ...
[INFO] 2025-12-13 13:28:22,326 Updating learning rate to 1.0438812574522179e-05
[INFO] 2025-12-13 13:28:29,293 	iters: 100, epoch: 2 | loss: 0.4553602
[INFO] 2025-12-13 13:28:29,293 	speed: 1.7812s/iter; left time: 8656.5226s
[INFO] 2025-12-13 13:28:36,031 	iters: 200, epoch: 2 | loss: 0.4323381
[INFO] 2025-12-13 13:28:36,031 	speed: 0.0674s/iter; left time: 320.7187s
[INFO] 2025-12-13 13:28:40,144 Epoch: 2 cost time: 17.818563222885132
[INFO] 2025-12-13 13:31:22,875 Epoch: 2, Steps: 261 | Train Loss: 0.4365317 Vali Loss: 0.6786593 Test Loss: 0.3859855
[INFO] 2025-12-13 13:31:22,875 Validation loss decreased (0.855834 --> 0.678659).  Saving model ...
[INFO] 2025-12-13 13:31:22,917 Updating learning rate to 2.8027820824346e-05
[INFO] 2025-12-13 13:31:29,690 	iters: 100, epoch: 3 | loss: 0.4084460
[INFO] 2025-12-13 13:31:29,696 	speed: 1.7366s/iter; left time: 7986.8411s
[INFO] 2025-12-13 13:31:36,394 	iters: 200, epoch: 3 | loss: 0.3853704
[INFO] 2025-12-13 13:31:36,394 	speed: 0.0670s/iter; left time: 301.3521s
[INFO] 2025-12-13 13:31:40,513 Epoch: 3 cost time: 17.59612464904785
[INFO] 2025-12-13 13:34:22,927 Epoch: 3, Steps: 261 | Train Loss: 0.3935858 Vali Loss: 0.6709821 Test Loss: 0.3712587
[INFO] 2025-12-13 13:34:22,927 Validation loss decreased (0.678659 --> 0.670982).  Saving model ...
[INFO] 2025-12-13 13:34:22,977 Updating learning rate to 5.204817777062398e-05
[INFO] 2025-12-13 13:34:29,792 	iters: 100, epoch: 4 | loss: 0.3516912
[INFO] 2025-12-13 13:34:29,792 	speed: 1.7340s/iter; left time: 7522.0160s
[INFO] 2025-12-13 13:34:36,493 	iters: 200, epoch: 4 | loss: 0.3634637
[INFO] 2025-12-13 13:34:36,493 	speed: 0.0668s/iter; left time: 283.2934s
[INFO] 2025-12-13 13:34:40,633 Epoch: 4 cost time: 17.65421485900879
[INFO] 2025-12-13 13:37:23,731 Epoch: 4, Steps: 261 | Train Loss: 0.3695079 Vali Loss: 0.6620073 Test Loss: 0.3650239
[INFO] 2025-12-13 13:37:23,731 Validation loss decreased (0.670982 --> 0.662007).  Saving model ...
[INFO] 2025-12-13 13:37:23,769 Updating learning rate to 7.60556093987642e-05
[INFO] 2025-12-13 13:37:30,565 	iters: 100, epoch: 5 | loss: 0.3480822
[INFO] 2025-12-13 13:37:30,565 	speed: 1.7407s/iter; left time: 7096.9130s
[INFO] 2025-12-13 13:37:37,259 	iters: 200, epoch: 5 | loss: 0.3501772
[INFO] 2025-12-13 13:37:37,260 	speed: 0.0669s/iter; left time: 266.2417s
[INFO] 2025-12-13 13:37:41,386 Epoch: 5 cost time: 17.615788221359253
[INFO] 2025-12-13 13:40:25,652 Epoch: 5, Steps: 261 | Train Loss: 0.3545274 Vali Loss: 0.6526468 Test Loss: 0.3575970
[INFO] 2025-12-13 13:40:25,652 Validation loss decreased (0.662007 --> 0.652647).  Saving model ...
[INFO] 2025-12-13 13:40:25,684 Updating learning rate to 9.360930934838123e-05
[INFO] 2025-12-13 13:40:32,569 	iters: 100, epoch: 6 | loss: 0.3293607
[INFO] 2025-12-13 13:40:32,570 	speed: 1.7531s/iter; left time: 6689.8089s
[INFO] 2025-12-13 13:40:39,290 	iters: 200, epoch: 6 | loss: 0.3396150
[INFO] 2025-12-13 13:40:39,290 	speed: 0.0672s/iter; left time: 249.7372s
[INFO] 2025-12-13 13:40:43,388 Epoch: 6 cost time: 17.70079231262207
[INFO] 2025-12-13 13:43:26,561 Epoch: 6, Steps: 261 | Train Loss: 0.3435242 Vali Loss: 0.6586613 Test Loss: 0.3507010
[INFO] 2025-12-13 13:43:26,561 EarlyStopping counter: 1 out of 10
[INFO] 2025-12-13 13:43:26,561 Updating learning rate to 9.999998152004523e-05
[INFO] 2025-12-13 13:43:33,401 	iters: 100, epoch: 7 | loss: 0.3077648
[INFO] 2025-12-13 13:43:33,401 	speed: 1.7411s/iter; left time: 6189.6272s
[INFO] 2025-12-13 13:43:40,074 	iters: 200, epoch: 7 | loss: 0.3552291
[INFO] 2025-12-13 13:43:40,074 	speed: 0.0667s/iter; left time: 230.5625s
[INFO] 2025-12-13 13:43:44,138 Epoch: 7 cost time: 17.575541496276855
[INFO] 2025-12-13 13:46:31,499 Epoch: 7, Steps: 261 | Train Loss: 0.3358649 Vali Loss: 0.6492046 Test Loss: 0.3477297
[INFO] 2025-12-13 13:46:31,499 Validation loss decreased (0.652647 --> 0.649205).  Saving model ...
[INFO] 2025-12-13 13:46:31,535 Updating learning rate to 9.873681682624763e-05
[INFO] 2025-12-13 13:46:38,426 	iters: 100, epoch: 8 | loss: 0.3534337
[INFO] 2025-12-13 13:46:38,426 	speed: 1.7835s/iter; left time: 5874.9077s
[INFO] 2025-12-13 13:46:45,110 	iters: 200, epoch: 8 | loss: 0.3235870
[INFO] 2025-12-13 13:46:45,110 	speed: 0.0668s/iter; left time: 213.4849s
[INFO] 2025-12-13 13:46:49,206 Epoch: 8 cost time: 17.671516180038452
[INFO] 2025-12-13 13:49:47,011 Epoch: 8, Steps: 261 | Train Loss: 0.3305208 Vali Loss: 0.6626058 Test Loss: 0.3474264
[INFO] 2025-12-13 13:49:47,011 EarlyStopping counter: 1 out of 10
[INFO] 2025-12-13 13:49:47,011 Updating learning rate to 9.502979465839302e-05
[INFO] 2025-12-13 13:49:53,792 	iters: 100, epoch: 9 | loss: 0.3209007
[INFO] 2025-12-13 13:49:53,792 	speed: 1.8868s/iter; left time: 5722.7016s
[INFO] 2025-12-13 13:50:00,444 	iters: 200, epoch: 9 | loss: 0.3016981
[INFO] 2025-12-13 13:50:00,444 	speed: 0.0665s/iter; left time: 195.1088s
[INFO] 2025-12-13 13:50:04,540 Epoch: 9 cost time: 17.529552698135376
[INFO] 2025-12-13 13:52:58,901 Epoch: 9, Steps: 261 | Train Loss: 0.3266469 Vali Loss: 0.6550177 Test Loss: 0.3486160
[INFO] 2025-12-13 13:52:58,901 EarlyStopping counter: 2 out of 10
[INFO] 2025-12-13 13:52:58,901 Updating learning rate to 8.90648005871542e-05
[INFO] 2025-12-13 13:53:05,685 	iters: 100, epoch: 10 | loss: 0.3176793
[INFO] 2025-12-13 13:53:05,685 	speed: 1.8524s/iter; left time: 5134.8931s
[INFO] 2025-12-13 13:53:12,298 	iters: 200, epoch: 10 | loss: 0.3146610
[INFO] 2025-12-13 13:53:12,298 	speed: 0.0661s/iter; left time: 176.6860s
[INFO] 2025-12-13 13:53:16,417 Epoch: 10 cost time: 17.51555299758911
[INFO] 2025-12-13 13:56:11,605 Epoch: 10, Steps: 261 | Train Loss: 0.3234569 Vali Loss: 0.6579602 Test Loss: 0.3497814
[INFO] 2025-12-13 13:56:11,605 EarlyStopping counter: 3 out of 10
[INFO] 2025-12-13 13:56:11,605 Updating learning rate to 8.114094432290913e-05
[INFO] 2025-12-13 13:56:18,370 	iters: 100, epoch: 11 | loss: 0.3064907
[INFO] 2025-12-13 13:56:18,370 	speed: 1.8607s/iter; left time: 4672.2853s
[INFO] 2025-12-13 13:56:25,046 	iters: 200, epoch: 11 | loss: 0.2871142
[INFO] 2025-12-13 13:56:25,046 	speed: 0.0666s/iter; left time: 160.5688s
[INFO] 2025-12-13 13:56:29,152 Epoch: 11 cost time: 17.546520471572876
[INFO] 2025-12-13 13:59:24,487 Epoch: 11, Steps: 261 | Train Loss: 0.3206819 Vali Loss: 0.6600584 Test Loss: 0.3462685
[INFO] 2025-12-13 13:59:24,487 EarlyStopping counter: 4 out of 10
[INFO] 2025-12-13 13:59:24,487 Updating learning rate to 7.165556110588936e-05
[INFO] 2025-12-13 13:59:31,241 	iters: 100, epoch: 12 | loss: 0.3299806
[INFO] 2025-12-13 13:59:31,241 	speed: 1.8619s/iter; left time: 4189.3787s
[INFO] 2025-12-13 13:59:37,910 	iters: 200, epoch: 12 | loss: 0.3319012
[INFO] 2025-12-13 13:59:37,910 	speed: 0.0667s/iter; left time: 143.3859s
[INFO] 2025-12-13 13:59:42,009 Epoch: 12 cost time: 17.52212929725647
[INFO] 2025-12-13 14:02:33,479 Epoch: 12, Steps: 261 | Train Loss: 0.3184506 Vali Loss: 0.6497291 Test Loss: 0.3473620
[INFO] 2025-12-13 14:02:33,479 EarlyStopping counter: 5 out of 10
[INFO] 2025-12-13 14:02:33,479 Updating learning rate to 6.108428765810724e-05
[INFO] 2025-12-13 14:02:40,379 	iters: 100, epoch: 13 | loss: 0.3150196
[INFO] 2025-12-13 14:02:40,380 	speed: 1.8247s/iter; left time: 3629.3412s
[INFO] 2025-12-13 14:02:47,042 	iters: 200, epoch: 13 | loss: 0.3292048
[INFO] 2025-12-13 14:02:47,042 	speed: 0.0666s/iter; left time: 125.8374s
[INFO] 2025-12-13 14:02:51,134 Epoch: 13 cost time: 17.655513286590576
[INFO] 2025-12-13 14:05:42,296 Epoch: 13, Steps: 261 | Train Loss: 0.3167088 Vali Loss: 0.6491476 Test Loss: 0.3466031
[INFO] 2025-12-13 14:05:42,296 Validation loss decreased (0.649205 --> 0.649148).  Saving model ...
[INFO] 2025-12-13 14:05:42,335 Updating learning rate to 4.9957211772028254e-05
[INFO] 2025-12-13 14:05:49,214 	iters: 100, epoch: 14 | loss: 0.3117957
[INFO] 2025-12-13 14:05:49,214 	speed: 1.8217s/iter; left time: 3147.9182s
[INFO] 2025-12-13 14:05:55,894 	iters: 200, epoch: 14 | loss: 0.3018298
[INFO] 2025-12-13 14:05:55,894 	speed: 0.0668s/iter; left time: 108.7452s
[INFO] 2025-12-13 14:05:59,968 Epoch: 14 cost time: 17.63305377960205
[INFO] 2025-12-13 14:08:57,119 Epoch: 14, Steps: 261 | Train Loss: 0.3151428 Vali Loss: 0.6607018 Test Loss: 0.3469361
[INFO] 2025-12-13 14:08:57,119 EarlyStopping counter: 1 out of 10
[INFO] 2025-12-13 14:08:57,119 Updating learning rate to 3.883229149520297e-05
[INFO] 2025-12-13 14:09:03,989 	iters: 100, epoch: 15 | loss: 0.3161288
[INFO] 2025-12-13 14:09:03,989 	speed: 1.8810s/iter; left time: 2759.3599s
[INFO] 2025-12-13 14:09:10,667 	iters: 200, epoch: 15 | loss: 0.2897764
[INFO] 2025-12-13 14:09:10,667 	speed: 0.0668s/iter; left time: 91.2910s
[INFO] 2025-12-13 14:09:14,756 Epoch: 15 cost time: 17.636528491973877
[INFO] 2025-12-13 14:12:07,749 Epoch: 15, Steps: 261 | Train Loss: 0.3142703 Vali Loss: 0.6531930 Test Loss: 0.3469291
[INFO] 2025-12-13 14:12:07,749 EarlyStopping counter: 2 out of 10
[INFO] 2025-12-13 14:12:07,749 Updating learning rate to 2.8267376783932968e-05
[INFO] 2025-12-13 14:12:14,623 	iters: 100, epoch: 16 | loss: 0.3102630
[INFO] 2025-12-13 14:12:14,623 	speed: 1.8396s/iter; left time: 2218.4995s
[INFO] 2025-12-13 14:12:21,275 	iters: 200, epoch: 16 | loss: 0.3332128
[INFO] 2025-12-13 14:12:21,275 	speed: 0.0665s/iter; left time: 73.5795s
[INFO] 2025-12-13 14:12:25,366 Epoch: 16 cost time: 17.616849184036255
[INFO] 2025-12-13 14:15:24,238 Epoch: 16, Steps: 261 | Train Loss: 0.3133841 Vali Loss: 0.6534309 Test Loss: 0.3466008
[INFO] 2025-12-13 14:15:24,238 EarlyStopping counter: 3 out of 10
[INFO] 2025-12-13 14:15:24,238 Updating learning rate to 1.8792236577083206e-05
[INFO] 2025-12-13 14:15:31,096 	iters: 100, epoch: 17 | loss: 0.3223546
[INFO] 2025-12-13 14:15:31,096 	speed: 1.8982s/iter; left time: 1793.8090s
[INFO] 2025-12-13 14:15:37,754 	iters: 200, epoch: 17 | loss: 0.3155025
[INFO] 2025-12-13 14:15:37,754 	speed: 0.0666s/iter; left time: 56.2540s
[INFO] 2025-12-13 14:15:41,863 Epoch: 17 cost time: 17.62476921081543
[INFO] 2025-12-13 14:18:41,247 Epoch: 17, Steps: 261 | Train Loss: 0.3127864 Vali Loss: 0.6525534 Test Loss: 0.3466450
[INFO] 2025-12-13 14:18:41,247 EarlyStopping counter: 4 out of 10
[INFO] 2025-12-13 14:18:41,247 Updating learning rate to 1.0881993969365068e-05
[INFO] 2025-12-13 14:18:48,035 	iters: 100, epoch: 18 | loss: 0.3539560
[INFO] 2025-12-13 14:18:48,035 	speed: 1.9028s/iter; left time: 1301.5246s
[INFO] 2025-12-13 14:18:54,717 	iters: 200, epoch: 18 | loss: 0.3031819
[INFO] 2025-12-13 14:18:54,717 	speed: 0.0668s/iter; left time: 39.0238s
[INFO] 2025-12-13 14:18:58,834 Epoch: 18 cost time: 17.585810899734497
[INFO] 2025-12-13 14:21:45,142 Epoch: 18, Steps: 261 | Train Loss: 0.3125309 Vali Loss: 0.6521598 Test Loss: 0.3466601
[INFO] 2025-12-13 14:21:45,143 EarlyStopping counter: 5 out of 10
[INFO] 2025-12-13 14:21:45,143 Updating learning rate to 4.933301555426144e-06
[INFO] 2025-12-13 14:21:52,045 	iters: 100, epoch: 19 | loss: 0.2870246
[INFO] 2025-12-13 14:21:52,045 	speed: 1.7733s/iter; left time: 750.0975s
[INFO] 2025-12-13 14:21:58,722 	iters: 200, epoch: 19 | loss: 0.2947675
[INFO] 2025-12-13 14:21:58,722 	speed: 0.0668s/iter; left time: 21.5655s
[INFO] 2025-12-13 14:22:02,836 Epoch: 19 cost time: 17.692516088485718
[INFO] 2025-12-13 14:24:51,500 Epoch: 19, Steps: 261 | Train Loss: 0.3122745 Vali Loss: 0.6528678 Test Loss: 0.3464282
[INFO] 2025-12-13 14:24:51,500 EarlyStopping counter: 6 out of 10
[INFO] 2025-12-13 14:24:51,500 Updating learning rate to 1.2444516124775798e-06
[INFO] 2025-12-13 14:24:58,307 	iters: 100, epoch: 20 | loss: 0.2948131
[INFO] 2025-12-13 14:24:58,307 	speed: 1.7959s/iter; left time: 290.9284s
[INFO] 2025-12-13 14:25:05,007 	iters: 200, epoch: 20 | loss: 0.2914364
[INFO] 2025-12-13 14:25:05,007 	speed: 0.0670s/iter; left time: 4.1538s
[INFO] 2025-12-13 14:25:09,108 Epoch: 20 cost time: 17.60796284675598
[INFO] 2025-12-13 14:27:54,419 Epoch: 20, Steps: 261 | Train Loss: 0.3121515 Vali Loss: 0.6533381 Test Loss: 0.3468037
[INFO] 2025-12-13 14:27:54,419 EarlyStopping counter: 7 out of 10
[INFO] 2025-12-13 14:27:54,419 Updating learning rate to 4.1847995477608463e-10
[INFO] 2025-12-13 14:27:54,510 >>>>>>>testing : ETTm1_720_336_PDF_ETTm1_ftM_sl720_ll48_pl336_dm48_nh16_el3_dl1_df48_fc1_ebtimeF_dtTrue_Exp_0<<<<<<<<<<<<<<<<<<<<<<<<<<<<<<<<<
[INFO] 2025-12-13 14:27:54,640 test, 11185
[INFO] 2025-12-13 14:56:15,226 mse:0.34660327434539795, mae:0.38395947217941284, rse:0.5602278113365173
[INFO] 2025-12-13 14:56:16,410 start_time: 2025-12-13 13:25:09
[INFO] 2025-12-13 14:56:16,410 end_time: 2025-12-13 14:56:16
[INFO] 2025-12-13 14:56:16,410 总耗时为：01:31:06
[INFO] 2025-12-13 21:41:08,040 ==================================================
[INFO] 2025-12-13 21:41:08,240 Args in experiment:
[INFO] 2025-12-13 21:41:08,240 random_seed: 2021
[INFO] 2025-12-13 21:41:08,240 is_training: 1
[INFO] 2025-12-13 21:41:08,240 model_id: ETTm1_720_336
[INFO] 2025-12-13 21:41:08,240 model: PDF
[INFO] 2025-12-13 21:41:08,240 data: ETTm1
[INFO] 2025-12-13 21:41:08,240 root_path: ./dataset/
[INFO] 2025-12-13 21:41:08,240 data_path: ETTm1.csv
[INFO] 2025-12-13 21:41:08,240 features: M
[INFO] 2025-12-13 21:41:08,240 target: OT
[INFO] 2025-12-13 21:41:08,240 freq: h
[INFO] 2025-12-13 21:41:08,240 checkpoints: ./checkpoints/
[INFO] 2025-12-13 21:41:08,240 seq_len: 720
[INFO] 2025-12-13 21:41:08,240 label_len: 48
[INFO] 2025-12-13 21:41:08,240 pred_len: 336
[INFO] 2025-12-13 21:41:08,240 fc_dropout: 0.25
[INFO] 2025-12-13 21:41:08,240 head_dropout: 0.0
[INFO] 2025-12-13 21:41:08,240 add: False
[INFO] 2025-12-13 21:41:08,240 wo_conv: False
[INFO] 2025-12-13 21:41:08,240 serial_conv: False
[INFO] 2025-12-13 21:41:08,240 kernel_list: [5, 7, 11, 15]
[INFO] 2025-12-13 21:41:08,240 patch_len: [3, 6, 148]
[INFO] 2025-12-13 21:41:08,240 period: [48, 90, 720]
[INFO] 2025-12-13 21:41:08,240 stride: [3, 6, 48]
[INFO] 2025-12-13 21:41:08,240 padding_patch: end
[INFO] 2025-12-13 21:41:08,240 revin: 1
[INFO] 2025-12-13 21:41:08,240 affine: 0
[INFO] 2025-12-13 21:41:08,240 subtract_last: 0
[INFO] 2025-12-13 21:41:08,240 decomposition: 0
[INFO] 2025-12-13 21:41:08,240 kernel_size: 25
[INFO] 2025-12-13 21:41:08,240 individual: 0
[INFO] 2025-12-13 21:41:08,240 embed_type: 0
[INFO] 2025-12-13 21:41:08,240 enc_in: 7
[INFO] 2025-12-13 21:41:08,240 dec_in: 7
[INFO] 2025-12-13 21:41:08,251 c_out: 7
[INFO] 2025-12-13 21:41:08,251 d_model: 48
[INFO] 2025-12-13 21:41:08,251 n_heads: 16
[INFO] 2025-12-13 21:41:08,251 e_layers: 3
[INFO] 2025-12-13 21:41:08,251 d_layers: 1
[INFO] 2025-12-13 21:41:08,251 d_ff: 48
[INFO] 2025-12-13 21:41:08,251 moving_avg: 25
[INFO] 2025-12-13 21:41:08,251 factor: 1
[INFO] 2025-12-13 21:41:08,252 distil: True
[INFO] 2025-12-13 21:41:08,252 dropout: 0.5
[INFO] 2025-12-13 21:41:08,252 attn_dropout: 0.05
[INFO] 2025-12-13 21:41:08,252 embed: timeF
[INFO] 2025-12-13 21:41:08,252 activation: gelu
[INFO] 2025-12-13 21:41:08,252 output_attention: False
[INFO] 2025-12-13 21:41:08,252 do_predict: False
[INFO] 2025-12-13 21:41:08,253 num_workers: 0
[INFO] 2025-12-13 21:41:08,253 itr: 1
[INFO] 2025-12-13 21:41:08,253 train_epochs: 15
[INFO] 2025-12-13 21:41:08,253 batch_size: 128
[INFO] 2025-12-13 21:41:08,253 patience: 5
[INFO] 2025-12-13 21:41:08,254 learning_rate: 0.0001
[INFO] 2025-12-13 21:41:08,254 des: Exp
[INFO] 2025-12-13 21:41:08,254 loss: mse
[INFO] 2025-12-13 21:41:08,255 lradj: TST
[INFO] 2025-12-13 21:41:08,255 pct_start: 0.3
[INFO] 2025-12-13 21:41:08,255 use_amp: False
[INFO] 2025-12-13 21:41:08,255 use_gpu: True
[INFO] 2025-12-13 21:41:08,255 gpu: 0
[INFO] 2025-12-13 21:41:08,255 use_multi_gpu: False
[INFO] 2025-12-13 21:41:08,255 devices: 0,1,2,3,4,5,6,7
[INFO] 2025-12-13 21:41:08,255 test_flop: False
[INFO] 2025-12-13 21:41:08,256 log: ./logs/LongForecasting/PatchTST_Electricity_336_96.log
[INFO] 2025-12-13 21:41:08,256 Use GPU: cuda:0
[INFO] 2025-12-13 21:41:08,774 >>>>>>>start training : ETTm1_720_336_PDF_ETTm1_ftM_sl720_ll48_pl336_dm48_nh16_el3_dl1_df48_fc1_ebtimeF_dtTrue_Exp_0>>>>>>>>>>>>>>>>>>>>>>>>>>
[INFO] 2025-12-13 21:41:09,174 train, 33505
[INFO] 2025-12-13 21:41:09,290 val, 11185
[INFO] 2025-12-13 21:41:09,424 test, 11185
[INFO] 2025-12-13 21:41:24,642 	iters: 100, epoch: 1 | loss: 0.5820584
[INFO] 2025-12-13 21:41:24,642 	speed: 0.1522s/iter; left time: 580.7238s
[INFO] 2025-12-13 21:41:32,268 	iters: 200, epoch: 1 | loss: 0.4639391
[INFO] 2025-12-13 21:41:32,268 	speed: 0.0763s/iter; left time: 283.3893s
[INFO] 2025-12-13 21:41:36,959 Epoch: 1 cost time: 23.686198711395264
[INFO] 2025-12-13 21:44:28,495 Epoch: 1, Steps: 261 | Train Loss: 0.5577902 Vali Loss: 0.8165473 Test Loss: 0.4380707
[INFO] 2025-12-13 21:44:28,495 Validation loss decreased (inf --> 0.816547).  Saving model ...
[INFO] 2025-12-13 21:44:28,662 Updating learning rate to 1.5248228600007942e-05
[INFO] 2025-12-13 21:44:36,463 	iters: 100, epoch: 2 | loss: 0.4266463
[INFO] 2025-12-13 21:44:36,463 	speed: 1.8419s/iter; left time: 6548.1195s
[INFO] 2025-12-13 21:44:44,080 	iters: 200, epoch: 2 | loss: 0.4119325
[INFO] 2025-12-13 21:44:44,096 	speed: 0.0763s/iter; left time: 263.7199s
[INFO] 2025-12-13 21:44:48,731 Epoch: 2 cost time: 20.068268060684204
[INFO] 2025-12-13 21:47:48,967 Epoch: 2, Steps: 261 | Train Loss: 0.4235818 Vali Loss: 0.6776940 Test Loss: 0.3841869
[INFO] 2025-12-13 21:47:48,967 Validation loss decreased (0.816547 --> 0.677694).  Saving model ...
[INFO] 2025-12-13 21:47:49,001 Updating learning rate to 4.372113745678024e-05
[INFO] 2025-12-13 21:47:56,818 	iters: 100, epoch: 3 | loss: 0.3878042
[INFO] 2025-12-13 21:47:56,818 	speed: 1.9272s/iter; left time: 6348.2602s
[INFO] 2025-12-13 21:48:04,454 	iters: 200, epoch: 3 | loss: 0.3568227
[INFO] 2025-12-13 21:48:04,454 	speed: 0.0764s/iter; left time: 243.8902s
[INFO] 2025-12-13 21:48:09,119 Epoch: 3 cost time: 20.116904258728027
[INFO] 2025-12-13 21:51:04,772 Epoch: 3, Steps: 261 | Train Loss: 0.3840508 Vali Loss: 0.6723163 Test Loss: 0.3705890
[INFO] 2025-12-13 21:51:04,772 Validation loss decreased (0.677694 --> 0.672316).  Saving model ...
[INFO] 2025-12-13 21:51:04,815 Updating learning rate to 7.607415208164334e-05
[INFO] 2025-12-13 21:51:12,588 	iters: 100, epoch: 4 | loss: 0.3493348
[INFO] 2025-12-13 21:51:12,588 	speed: 1.8813s/iter; left time: 5706.0799s
[INFO] 2025-12-13 21:51:20,123 	iters: 200, epoch: 4 | loss: 0.3626233
[INFO] 2025-12-13 21:51:20,123 	speed: 0.0753s/iter; left time: 220.9759s
[INFO] 2025-12-13 21:51:24,790 Epoch: 4 cost time: 19.973726749420166
[INFO] 2025-12-13 21:54:21,876 Epoch: 4, Steps: 261 | Train Loss: 0.3608106 Vali Loss: 0.6551868 Test Loss: 0.3606954
[INFO] 2025-12-13 21:54:21,876 Validation loss decreased (0.672316 --> 0.655187).  Saving model ...
[INFO] 2025-12-13 21:54:21,920 Updating learning rate to 9.71441847912697e-05
[INFO] 2025-12-13 21:54:29,661 	iters: 100, epoch: 5 | loss: 0.3245786
[INFO] 2025-12-13 21:54:29,661 	speed: 1.8954s/iter; left time: 5253.9841s
[INFO] 2025-12-13 21:54:37,294 	iters: 200, epoch: 5 | loss: 0.3228064
[INFO] 2025-12-13 21:54:37,294 	speed: 0.0763s/iter; left time: 203.9708s
[INFO] 2025-12-13 21:54:41,945 Epoch: 5 cost time: 20.022619247436523
[INFO] 2025-12-13 21:57:33,964 Epoch: 5, Steps: 261 | Train Loss: 0.3461783 Vali Loss: 0.6631887 Test Loss: 0.3552202
[INFO] 2025-12-13 21:57:33,964 EarlyStopping counter: 1 out of 5
[INFO] 2025-12-13 21:57:33,964 Updating learning rate to 9.943296830904767e-05
[INFO] 2025-12-13 21:57:41,660 	iters: 100, epoch: 6 | loss: 0.3410321
[INFO] 2025-12-13 21:57:41,660 	speed: 1.8437s/iter; left time: 4629.4240s
[INFO] 2025-12-13 21:57:49,248 	iters: 200, epoch: 6 | loss: 0.3752377
[INFO] 2025-12-13 21:57:49,248 	speed: 0.0759s/iter; left time: 182.9303s
[INFO] 2025-12-13 21:57:53,916 Epoch: 6 cost time: 19.95207929611206
[INFO] 2025-12-13 22:00:44,851 Epoch: 6, Steps: 261 | Train Loss: 0.3378910 Vali Loss: 0.6650507 Test Loss: 0.3535128
[INFO] 2025-12-13 22:00:44,851 EarlyStopping counter: 2 out of 5
[INFO] 2025-12-13 22:00:44,851 Updating learning rate to 9.502356441318649e-05
[INFO] 2025-12-13 22:00:52,702 	iters: 100, epoch: 7 | loss: 0.3666942
[INFO] 2025-12-13 22:00:52,702 	speed: 1.8345s/iter; left time: 4127.6966s
[INFO] 2025-12-13 22:01:00,286 	iters: 200, epoch: 7 | loss: 0.3232199
[INFO] 2025-12-13 22:01:00,286 	speed: 0.0758s/iter; left time: 163.0585s
[INFO] 2025-12-13 22:01:04,953 Epoch: 7 cost time: 20.08637022972107
[INFO] 2025-12-13 22:03:59,405 Epoch: 7, Steps: 261 | Train Loss: 0.3329391 Vali Loss: 0.6521412 Test Loss: 0.3497856
[INFO] 2025-12-13 22:03:59,405 Validation loss decreased (0.655187 --> 0.652141).  Saving model ...
[INFO] 2025-12-13 22:03:59,441 Updating learning rate to 8.661363700743331e-05
[INFO] 2025-12-13 22:04:07,206 	iters: 100, epoch: 8 | loss: 0.3322297
[INFO] 2025-12-13 22:04:07,206 	speed: 1.8692s/iter; left time: 3717.8433s
[INFO] 2025-12-13 22:04:14,823 	iters: 200, epoch: 8 | loss: 0.3466562
[INFO] 2025-12-13 22:04:14,823 	speed: 0.0762s/iter; left time: 143.8943s
[INFO] 2025-12-13 22:04:19,457 Epoch: 8 cost time: 20.016469955444336
[INFO] 2025-12-13 22:07:16,443 Epoch: 8, Steps: 261 | Train Loss: 0.3291938 Vali Loss: 0.6608241 Test Loss: 0.3489533
[INFO] 2025-12-13 22:07:16,443 EarlyStopping counter: 1 out of 5
[INFO] 2025-12-13 22:07:16,443 Updating learning rate to 7.495044504814786e-05
[INFO] 2025-12-13 22:07:24,210 	iters: 100, epoch: 9 | loss: 0.3773026
[INFO] 2025-12-13 22:07:24,210 	speed: 1.8939s/iter; left time: 3272.6091s
[INFO] 2025-12-13 22:07:31,845 	iters: 200, epoch: 9 | loss: 0.3403128
[INFO] 2025-12-13 22:07:31,845 	speed: 0.0763s/iter; left time: 124.2864s
[INFO] 2025-12-13 22:07:36,479 Epoch: 9 cost time: 20.035468816757202
[INFO] 2025-12-13 22:10:27,464 Epoch: 9, Steps: 261 | Train Loss: 0.3263284 Vali Loss: 0.6644118 Test Loss: 0.3469821
[INFO] 2025-12-13 22:10:27,464 EarlyStopping counter: 2 out of 5
[INFO] 2025-12-13 22:10:27,464 Updating learning rate to 6.10703143239875e-05
[INFO] 2025-12-13 22:10:35,248 	iters: 100, epoch: 10 | loss: 0.3159329
[INFO] 2025-12-13 22:10:35,248 	speed: 1.8340s/iter; left time: 2690.5221s
[INFO] 2025-12-13 22:10:42,851 	iters: 200, epoch: 10 | loss: 0.3262818
[INFO] 2025-12-13 22:10:42,851 	speed: 0.0760s/iter; left time: 103.9420s
[INFO] 2025-12-13 22:10:47,469 Epoch: 10 cost time: 20.00563645362854
[INFO] 2025-12-13 22:13:47,469 Epoch: 10, Steps: 261 | Train Loss: 0.3241804 Vali Loss: 0.6632634 Test Loss: 0.3471202
[INFO] 2025-12-13 22:13:47,469 EarlyStopping counter: 3 out of 5
[INFO] 2025-12-13 22:13:47,469 Updating learning rate to 4.620655536174432e-05
[INFO] 2025-12-13 22:13:55,119 	iters: 100, epoch: 11 | loss: 0.3436964
[INFO] 2025-12-13 22:13:55,119 	speed: 1.9227s/iter; left time: 2318.7519s
[INFO] 2025-12-13 22:14:02,689 	iters: 200, epoch: 11 | loss: 0.2984268
[INFO] 2025-12-13 22:14:02,689 	speed: 0.0757s/iter; left time: 83.7244s
[INFO] 2025-12-13 22:14:07,337 Epoch: 11 cost time: 19.868688344955444
[INFO] 2025-12-13 22:17:13,558 Epoch: 11, Steps: 261 | Train Loss: 0.3222240 Vali Loss: 0.6611746 Test Loss: 0.3461344
[INFO] 2025-12-13 22:17:13,558 EarlyStopping counter: 4 out of 5
[INFO] 2025-12-13 22:17:13,558 Updating learning rate to 3.167987837374543e-05
[INFO] 2025-12-13 22:17:21,225 	iters: 100, epoch: 12 | loss: 0.3330466
[INFO] 2025-12-13 22:17:21,225 	speed: 1.9854s/iter; left time: 1876.1604s
[INFO] 2025-12-13 22:17:28,742 	iters: 200, epoch: 12 | loss: 0.2929467
[INFO] 2025-12-13 22:17:28,742 	speed: 0.0752s/iter; left time: 63.5228s
[INFO] 2025-12-13 22:17:33,426 Epoch: 12 cost time: 19.86868906021118
[INFO] 2025-12-13 22:20:33,329 Epoch: 12, Steps: 261 | Train Loss: 0.3212020 Vali Loss: 0.6584685 Test Loss: 0.3469833
[INFO] 2025-12-13 22:20:33,329 EarlyStopping counter: 5 out of 5
[INFO] 2025-12-13 22:20:33,329 Early stopping
[INFO] 2025-12-13 22:20:33,462 >>>>>>>testing : ETTm1_720_336_PDF_ETTm1_ftM_sl720_ll48_pl336_dm48_nh16_el3_dl1_df48_fc1_ebtimeF_dtTrue_Exp_0<<<<<<<<<<<<<<<<<<<<<<<<<<<<<<<<<
[INFO] 2025-12-13 22:20:33,579 test, 11185
[INFO] 2025-12-13 22:48:56,429 mse:0.3497859239578247, mae:0.38228535652160645, rse:0.562794029712677
[INFO] 2025-12-13 22:48:57,480 start_time: 2025-12-13 21:41:08
[INFO] 2025-12-13 22:48:57,480 end_time: 2025-12-13 22:48:57
[INFO] 2025-12-13 22:48:57,480 总耗时为：01:07:49
